<html>
<body>
<pre>
<h1>µVision Build Log</h1>
<h2>Tool Versions:</h2>
IDE-Version: µVision V5.28.0.0
Copyright (C) 2019 ARM Ltd and ARM Germany GmbH. All rights reserved.
License Information: Le Keima, keiq, LIC=JL2VE-5RUN3-ADXKK-ZE4KH-M63JQ-I0Q0J
 
Tool Versions:
Toolchain:       MDK-ARM Plus  Version: 5.28.0.0
Toolchain Path:  C:\Keil_v5\ARM\ARMCC\Bin
C Compiler:      Armcc.exe V5.06 update 6 (build 750)
Assembler:       Armasm.exe V5.06 update 6 (build 750)
Linker/Locator:  ArmLink.exe V5.06 update 6 (build 750)
Library Manager: ArmAr.exe V5.06 update 6 (build 750)
Hex Converter:   FromElf.exe V5.06 update 6 (build 750)
CPU DLL:         SARMCM3.DLL V5.28.0.0
Dialog DLL:      DARMSTM.DLL V1.68.0.0
Target DLL:      STLink\ST-LINKIII-KEIL_SWO.dll V3.0.6.0
Dialog DLL:      TARMSTM.DLL V1.66.0.0
 
<h2>Project:</h2>
C:\Users\Keima\Desktop\Realsource\real.uvprojx
Project File Date:  12/08/2019

<h2>Output:</h2>
*** Using Compiler 'V5.06 update 6 (build 750)', folder: 'C:\Keil_v5\ARM\ARMCC\Bin'
Build target 'Target 1'
compiling mainApp.c...
Lora-master\Src\mainApp.c(135): warning:  #223-D: function "CDC_Transmit_FS" declared implicitly
  					printUSB(Tx_Packet);	
Lora-master\Src\mainApp.c(156): warning:  #223-D: function "CDC_Transmit_FS" declared implicitly
  							printUSB(strBuf);			
Lora-master\Src\mainApp.c(206): warning:  #223-D: function "CDC_Transmit_FS" declared implicitly
  							printUSB(strBuf);		
Lora-master\Src\mainApp.c(215): warning:  #223-D: function "CDC_Transmit_FS" declared implicitly
  							printUSB(strBuf);		
Lora-master\Src\mainApp.c(226): warning:  #223-D: function "CDC_Transmit_FS" declared implicitly
  							printUSB(strBuf);		
Lora-master\Src\mainApp.c(245): warning:  #223-D: function "CDC_Transmit_FS" declared implicitly
  							printUSB(strBuf);	
Lora-master\Src\mainApp.c(251): warning:  #177-D: variable "idx"  was declared but never referenced
  							u8 idx = 2 - 1;
Lora-master\Src\mainApp.c(275): warning:  #223-D: function "CDC_Transmit_FS" declared implicitly
  							printUSB(strBuf);	
Lora-master\Src\mainApp.c(110): warning:  #177-D: variable "timeRxdone"  was declared but never referenced
  	u32 timTx = 0, timTxdone = 0, timeRxdone = 0, timRx = 0;
Lora-master\Src\mainApp.c: 9 warnings, 0 errors
linking...
Program Size: Code=25936 RO-data=420 RW-data=476 ZI-data=4708  
FromELF: creating hex file...
".\Objects\real.axf" - 0 Error(s), 9 Warning(s).

<h2>Software Packages used:</h2>

Package Vendor: Keil
                http://www.keil.com/pack/Keil.STM32F1xx_DFP.2.3.0.pack
                Keil.STM32F1xx_DFP.2.3.0
                STMicroelectronics STM32F1 Series Device Support, Drivers and Examples

<h2>Collection of Component include folders:</h2>
  .\RTE\_Target_1
  C:\Users\Keima\AppData\Local\Arm\Packs\Keil\STM32F1xx_DFP\2.3.0\Device\Include

<h2>Collection of Component Files used:</h2>
Build Time Elapsed:  00:00:02
</pre>
</body>
</html>
