Component: ARM Compiler 5.06 update 6 (build 750) Tool: armlink [4d35ed]

==============================================================================

Section Cross References

    main.o(i.MX_GPIO_Init) refers to stm32f1xx_hal_gpio.o(i.HAL_GPIO_WritePin) for HAL_GPIO_WritePin
    main.o(i.MX_GPIO_Init) refers to stm32f1xx_hal_gpio.o(i.HAL_GPIO_Init) for HAL_GPIO_Init
    main.o(i.MX_SPI1_Init) refers to stm32f1xx_hal_spi_ex.o(i.HAL_SPI_Init) for HAL_SPI_Init
    main.o(i.MX_SPI1_Init) refers to main.o(i.Error_Handler) for Error_Handler
    main.o(i.MX_SPI1_Init) refers to main.o(.bss) for hspi1
    main.o(i.MX_TIM2_Init) refers to stm32f1xx_hal_tim.o(i.HAL_TIM_Base_Init) for HAL_TIM_Base_Init
    main.o(i.MX_TIM2_Init) refers to main.o(i.Error_Handler) for Error_Handler
    main.o(i.MX_TIM2_Init) refers to stm32f1xx_hal_tim.o(i.HAL_TIM_ConfigClockSource) for HAL_TIM_ConfigClockSource
    main.o(i.MX_TIM2_Init) refers to stm32f1xx_hal_tim_ex.o(i.HAL_TIMEx_MasterConfigSynchronization) for HAL_TIMEx_MasterConfigSynchronization
    main.o(i.MX_TIM2_Init) refers to main.o(.bss) for htim2
    main.o(i.SystemClock_Config) refers to stm32f1xx_hal_rcc.o(i.HAL_RCC_OscConfig) for HAL_RCC_OscConfig
    main.o(i.SystemClock_Config) refers to main.o(i.Error_Handler) for Error_Handler
    main.o(i.SystemClock_Config) refers to stm32f1xx_hal_rcc.o(i.HAL_RCC_ClockConfig) for HAL_RCC_ClockConfig
    main.o(i.SystemClock_Config) refers to stm32f1xx_hal_rcc_ex.o(i.HAL_RCCEx_PeriphCLKConfig) for HAL_RCCEx_PeriphCLKConfig
    main.o(i.SystemClock_Config) refers to stm32f1xx_hal_rcc.o(i.HAL_RCC_GetHCLKFreq) for HAL_RCC_GetHCLKFreq
    main.o(i.SystemClock_Config) refers to stm32f1xx_hal_cortex.o(i.HAL_SYSTICK_Config) for HAL_SYSTICK_Config
    main.o(i.SystemClock_Config) refers to stm32f1xx_hal_cortex.o(i.HAL_SYSTICK_CLKSourceConfig) for HAL_SYSTICK_CLKSourceConfig
    main.o(i.SystemClock_Config) refers to stm32f1xx_hal_cortex.o(i.HAL_NVIC_SetPriority) for HAL_NVIC_SetPriority
    main.o(i.main) refers to stm32f1xx_hal.o(i.HAL_Init) for HAL_Init
    main.o(i.main) refers to main.o(i.SystemClock_Config) for SystemClock_Config
    main.o(i.main) refers to main.o(i.MX_GPIO_Init) for MX_GPIO_Init
    main.o(i.main) refers to main.o(i.MX_SPI1_Init) for MX_SPI1_Init
    main.o(i.main) refers to usb_device.o(i.MX_USB_DEVICE_Init) for MX_USB_DEVICE_Init
    main.o(i.main) refers to main.o(i.MX_TIM2_Init) for MX_TIM2_Init
    main.o(i.main) refers to mainapp.o(i.mainApp) for mainApp
    mainapp.o(i.mainApp) refers to _printf_percent.o(.ARM.Collect$$_printf_percent$$00000000) for _printf_percent
    mainapp.o(i.mainApp) refers to _printf_d.o(.ARM.Collect$$_printf_percent$$00000009) for _printf_d
    mainapp.o(i.mainApp) refers to _printf_dec.o(.text) for _printf_int_dec
    mainapp.o(i.mainApp) refers to _printf_s.o(.ARM.Collect$$_printf_percent$$00000014) for _printf_s
    mainapp.o(i.mainApp) refers to _printf_str.o(.text) for _printf_str
    mainapp.o(i.mainApp) refers to _printf_pad.o(.text) for _printf_pre_padding
    mainapp.o(i.mainApp) refers to stm32f1xx_hal_gpio.o(i.HAL_GPIO_WritePin) for HAL_GPIO_WritePin
    mainapp.o(i.mainApp) refers to stm32f1xx_hal.o(i.HAL_Delay) for HAL_Delay
    mainapp.o(i.mainApp) refers to sx1276_7_8.o(i.sx1276_7_8_Config) for sx1276_7_8_Config
    mainapp.o(i.mainApp) refers to sx1276_7_8.o(i.sx1276_7_8_LoRaEntryRx) for sx1276_7_8_LoRaEntryRx
    mainapp.o(i.mainApp) refers to noretval__2sprintf.o(.text) for __2sprintf
    mainapp.o(i.mainApp) refers to logging.o(i.timer_measure_start) for timer_measure_start
    mainapp.o(i.mainApp) refers to sx1276_7_8.o(i.sx1276_7_8_LoRaEntryTx) for sx1276_7_8_LoRaEntryTx
    mainapp.o(i.mainApp) refers to logging.o(i.timer_measure_stop) for timer_measure_stop
    mainapp.o(i.mainApp) refers to sx1276_7_8.o(i.sx1276_7_8_LoRaTxPacket) for sx1276_7_8_LoRaTxPacket
    mainapp.o(i.mainApp) refers to strlen.o(.text) for strlen
    mainapp.o(i.mainApp) refers to usbd_cdc_if.o(i.CDC_Transmit_FS) for CDC_Transmit_FS
    mainapp.o(i.mainApp) refers to sx1276_7_8.o(i.sx1276_7_8_LoRaRxPacket) for sx1276_7_8_LoRaRxPacket
    mainapp.o(i.mainApp) refers to strncmp.o(.text) for strncmp
    mainapp.o(i.mainApp) refers to sx1276_7_8.o(i.sx1276_7_8_LoRaReadRSSI) for sx1276_7_8_LoRaReadRSSI
    mainapp.o(i.mainApp) refers to stm32f1xx_hal.o(i.HAL_GetTick) for HAL_GetTick
    mainapp.o(i.mainApp) refers to stm32f1xx_hal_gpio.o(i.HAL_GPIO_ReadPin) for HAL_GPIO_ReadPin
    mainapp.o(i.mainApp) refers to mainapp.o(.data) for SysTime
    mainapp.o(i.mainApp) refers to mainapp.o(.bss) for RSSI_Array
    mainapp.o(i.mainApp) refers to sx1276_7_8.o(.data) for sx1276_7_8Data
    mainapp.o(i.mainApp) refers to sx1276_7_8.o(.bss) for RxData
    mainapp.o(i.mainApp) refers to mainapp.o(.conststring) for .conststring
    mainapp.o(i.mainApp) refers to strcspn.o(.text) for strcspn
    mainapp.o(i.mainApp) refers to strncpy.o(.text) for strncpy
[...]
    i.USB_EPStartXfer                        0x080052e6   Section        0  stm32f1xx_ll_usb.o(i.USB_EPStartXfer)
    i.USB_EnableGlobalInt                    0x08005618   Section        0  stm32f1xx_ll_usb.o(i.USB_EnableGlobalInt)
    i.USB_HP_CAN1_TX_IRQHandler              0x08005630   Section        0  stm32f1xx_it.o(i.USB_HP_CAN1_TX_IRQHandler)
    i.USB_LP_CAN1_RX0_IRQHandler             0x08005640   Section        0  stm32f1xx_it.o(i.USB_LP_CAN1_RX0_IRQHandler)
    i.USB_ReadInterrupts                     0x08005650   Section        0  stm32f1xx_ll_usb.o(i.USB_ReadInterrupts)
    i.USB_ReadPMA                            0x0800565a   Section        0  stm32f1xx_ll_usb.o(i.USB_ReadPMA)
    i.USB_SetCurrentMode                     0x08005682   Section        0  stm32f1xx_ll_usb.o(i.USB_SetCurrentMode)
    i.USB_SetDevAddress                      0x08005688   Section        0  stm32f1xx_ll_usb.o(i.USB_SetDevAddress)
    i.USB_WritePMA                           0x08005696   Section        0  stm32f1xx_ll_usb.o(i.USB_WritePMA)
    i.UsageFault_Handler                     0x080056d8   Section        0  stm32f1xx_it.o(i.UsageFault_Handler)
    i._is_digit                              0x080056dc   Section        0  __printf_wp.o(i._is_digit)
    i.main                                   0x080056ea   Section        0  main.o(i.main)
    i.mainApp                                0x0800570c   Section        0  mainapp.o(i.mainApp)
    i.sx1276_7_8_Config                      0x08005d14   Section        0  sx1276_7_8.o(i.sx1276_7_8_Config)
    i.sx1276_7_8_EntryLoRa                   0x08005e28   Section        0  sx1276_7_8.o(i.sx1276_7_8_EntryLoRa)
    i.sx1276_7_8_LoRaClearIrq                0x08005e34   Section        0  sx1276_7_8.o(i.sx1276_7_8_LoRaClearIrq)
    i.sx1276_7_8_LoRaEntryRx                 0x08005e40   Section        0  sx1276_7_8.o(i.sx1276_7_8_LoRaEntryRx)
    i.sx1276_7_8_LoRaEntryTx                 0x08005ec0   Section        0  sx1276_7_8.o(i.sx1276_7_8_LoRaEntryTx)
    i.sx1276_7_8_LoRaReadRSSI                0x08005f2c   Section        0  sx1276_7_8.o(i.sx1276_7_8_LoRaReadRSSI)
    i.sx1276_7_8_LoRaRxPacket                0x08005fb0   Section        0  sx1276_7_8.o(i.sx1276_7_8_LoRaRxPacket)
    i.sx1276_7_8_LoRaTxPacket                0x08006020   Section        0  sx1276_7_8.o(i.sx1276_7_8_LoRaTxPacket)
    i.sx1276_7_8_Sleep                       0x08006048   Section        0  sx1276_7_8.o(i.sx1276_7_8_Sleep)
    i.sx1276_7_8_Standby                     0x08006054   Section        0  sx1276_7_8.o(i.sx1276_7_8_Standby)
    i.timer_measure_start                    0x08006060   Section        0  logging.o(i.timer_measure_start)
    i.timer_measure_stop                     0x08006070   Section        0  logging.o(i.timer_measure_stop)
    x$fpl$dadd                               0x08006090   Section      336  daddsub_clz.o(x$fpl$dadd)
    _dadd1                                   0x080060a1   Thumb Code     0  daddsub_clz.o(x$fpl$dadd)
    x$fpl$dfix                               0x080061e0   Section       94  dfix.o(x$fpl$dfix)
    x$fpl$dflt                               0x0800623e   Section       46  dflt_clz.o(x$fpl$dflt)
    x$fpl$dmul                               0x0800626c   Section      340  dmul.o(x$fpl$dmul)
    x$fpl$dnaninf                            0x080063c0   Section      156  dnaninf.o(x$fpl$dnaninf)
    x$fpl$dretinf                            0x0800645c   Section       12  dretinf.o(x$fpl$dretinf)
    x$fpl$dsub                               0x08006468   Section      468  daddsub_clz.o(x$fpl$dsub)
    _dsub1                                   0x08006479   Thumb Code     0  daddsub_clz.o(x$fpl$dsub)
    .constdata                               0x0800663c   Section       24  sx1276_7_8.o(.constdata)
    x$fpl$usenofp                            0x0800663c   Section        0  usenofp.o(x$fpl$usenofp)
    .constdata                               0x08006654   Section       24  system_stm32f1xx.o(.constdata)
    .conststring                             0x0800666c   Section      102  mainapp.o(.conststring)
    .data                                    0x20000000   Section       44  mainapp.o(.data)
    .data                                    0x2000002c   Section       66  sx1276_7_8.o(.data)
    .data                                    0x20000070   Section        4  system_stm32f1xx.o(.data)
    .data                                    0x20000074   Section       24  usbd_cdc_if.o(.data)
    .data                                    0x2000008c   Section       52  usbd_desc.o(.data)
    .data                                    0x200000c0   Section        4  stm32f1xx_hal.o(.data)
    uwTick                                   0x200000c0   Data           4  stm32f1xx_hal.o(.data)
    .data                                    0x200000c4   Section        1  stm32f1xx_hal_spi_ex.o(.data)
    .data                                    0x200000c8   Section      272  usbd_cdc.o(.data)
    USBD_CDC_DeviceQualifierDesc             0x200000c8   Data          10  usbd_cdc.o(.data)
    ifalt                                    0x200001d7   Data           1  usbd_cdc.o(.data)
    .data                                    0x200001d8   Section        1  usbd_ctlreq.o(.data)
    cfgidx                                   0x200001d8   Data           1  usbd_ctlreq.o(.data)
    .bss                                     0x200001dc   Section      148  main.o(.bss)
    .bss                                     0x20000270   Section      137  mainapp.o(.bss)
    .bss                                     0x200002f9   Section      128  sx1276_7_8.o(.bss)
    .bss                                     0x2000037c   Section      548  usb_device.o(.bss)
    .bss                                     0x200005a0   Section     1600  usbd_conf.o(.bss)
    mem                                      0x200009c0   Data         544  usbd_conf.o(.bss)
    .bss                                     0x20000be0   Section      512  usbd_desc.o(.bss)
    .bss                                     0x20000de0   Section       96  libspace.o(.bss)
    HEAP                                     0x20000e40   Section      512  startup_stm32f103xb.o(HEAP)
    Heap_Mem                                 0x20000e40   Data         512  startup_stm32f103xb.o(HEAP)
    STACK                                    0x20001040   Section     1024  startup_stm32f103xb.o(STACK)
    Stack_Mem                                0x20001040   Data        1024  startup_stm32f103xb.o(STACK)
    __initial_sp                             0x20001440   Data           0  startup_stm32f103xb.o(STACK)

    Global Symbols

    Symbol Name                              Value     Ov Type        Size  Object(Section)

    BuildAttributes$$THM_ISAv4$P$D$K$B$S$PE$A:L22UL41UL21$X:L11$S22US41US21$IEEE1$IW$USESV6$~STKCKD$USESV7$~SHL$OSPACE$ROPI$EBA8$UX$STANDARDLIB$REQ8$PRES8$EABIv2 0x00000000   Number         0  anon$$obj.o ABSOLUTE
    __ARM_use_no_argv                        0x00000000   Number         0  main.o ABSOLUTE
    _printf_flags                            0x00000000   Number         0  printf_stubs.o ABSOLUTE
    _printf_return_value                     0x00000000   Number         0  printf_stubs.o ABSOLUTE
    _printf_sizespec                         0x00000000   Number         0  printf_stubs.o ABSOLUTE
    _printf_widthprec                        0x00000000   Number         0  printf_stubs.o ABSOLUTE
    __ARM_exceptions_init                     - Undefined Weak Reference
    __alloca_initialize                       - Undefined Weak Reference
    __arm_preinit_                            - Undefined Weak Reference
    __cpp_initialize__aeabi_                  - Undefined Weak Reference
    __cxa_finalize                            - Undefined Weak Reference
    __rt_locale                               - Undefined Weak Reference
    __sigvec_lookup                           - Undefined Weak Reference
    _atexit_init                              - Undefined Weak Reference
    _call_atexit_fns                          - Undefined Weak Reference
    _clock_init                               - Undefined Weak Reference
    _fp_trap_init                             - Undefined Weak Reference
    _fp_trap_shutdown                         - Undefined Weak Reference
    _get_lc_collate                           - Undefined Weak Reference
    _get_lc_ctype                             - Undefined Weak Reference
    _get_lc_monetary                          - Undefined Weak Reference
    _get_lc_numeric                           - Undefined Weak Reference
    _get_lc_time                              - Undefined Weak Reference
    _getenv_init                              - Undefined Weak Reference
    _handle_redirection                       - Undefined Weak Reference
    _init_alloc                               - Undefined Weak Reference
    _init_user_alloc                          - Undefined Weak Reference
    _initio                                   - Undefined Weak Reference
    _printf_mbtowc                            - Undefined Weak Reference
    _printf_truncate_signed                   - Undefined Weak Reference
    _printf_truncate_unsigned                 - Undefined Weak Reference
    _rand_init                                - Undefined Weak Reference
    _signal_finish                            - Undefined Weak Reference
    _signal_init                              - Undefined Weak Reference
    _terminate_alloc                          - Undefined Weak Reference
    _terminate_user_alloc                     - Undefined Weak Reference
    _terminateio                              - Undefined Weak Reference
    __Vectors_Size                           0x000000ec   Number         0  startup_stm32f103xb.o ABSOLUTE
    __Vectors                                0x08000000   Data           4  startup_stm32f103xb.o(RESET)
    __Vectors_End                            0x080000ec   Data           0  startup_stm32f103xb.o(RESET)
    __main                                   0x080000ed   Thumb Code     8  __main.o(!!!main)
    __scatterload                            0x080000f5   Thumb Code     0  __scatter.o(!!!scatter)
    __scatterload_rt2                        0x080000f5   Thumb Code    44  __scatter.o(!!!scatter)
    __scatterload_rt2_thumb_only             0x080000f5   Thumb Code     0  __scatter.o(!!!scatter)
    __scatterload_null                       0x08000103   Thumb Code     0  __scatter.o(!!!scatter)
    __decompress                             0x08000129   Thumb Code    90  __dczerorl2.o(!!dczerorl2)
    __decompress1                            0x08000129   Thumb Code     0  __dczerorl2.o(!!dczerorl2)
    __scatterload_zeroinit                   0x08000185   Thumb Code    28  __scatter_zi.o(!!handler_zi)
    _printf_d                                0x080001a1   Thumb Code     0  _printf_d.o(.ARM.Collect$$_printf_percent$$00000009)
    _printf_percent                          0x080001a1   Thumb Code     0  _printf_percent.o(.ARM.Collect$$_printf_percent$$00000000)
    _printf_s                                0x080001a7   Thumb Code     0  _printf_s.o(.ARM.Collect$$_printf_percent$$00000014)
    _printf_percent_end                      0x080001ad   Thumb Code     0  _printf_percent_end.o(.ARM.Collect$$_printf_percent$$00000017)
    __rt_lib_init                            0x080001b1   Thumb Code     0  libinit.o(.ARM.Collect$$libinit$$00000000)
    __rt_lib_init_alloca_1                   0x080001b3   Thumb Code     0  libinit2.o(.ARM.Collect$$libinit$$0000002E)
    __rt_lib_init_argv_1                     0x080001b3   Thumb Code     0  libinit2.o(.ARM.Collect$$libinit$$0000002C)
    __rt_lib_init_atexit_1                   0x080001b3   Thumb Code     0  libinit2.o(.ARM.Collect$$libinit$$0000001B)
    __rt_lib_init_clock_1                    0x080001b3   Thumb Code     0  libinit2.o(.ARM.Collect$$libinit$$00000021)
    __rt_lib_init_cpp_1                      0x080001b3   Thumb Code     0  libinit2.o(.ARM.Collect$$libinit$$00000032)
    __rt_lib_init_exceptions_1               0x080001b3   Thumb Code     0  libinit2.o(.ARM.Collect$$libinit$$00000030)
    __rt_lib_init_fp_1                       0x080001b3   Thumb Code     0  libinit2.o(.ARM.Collect$$libinit$$00000002)
    __rt_lib_init_fp_trap_1                  0x080001b3   Thumb Code     0  libinit2.o(.ARM.Collect$$libinit$$0000001F)
    __rt_lib_init_getenv_1                   0x080001b3   Thumb Code     0  libinit2.o(.ARM.Collect$$libinit$$00000023)
    __rt_lib_init_heap_1                     0x080001b3   Thumb Code     0  libinit2.o(.ARM.Collect$$libinit$$0000000A)
    __rt_lib_init_lc_collate_1               0x080001b3   Thumb Code     0  libinit2.o(.ARM.Collect$$libinit$$00000011)
    __rt_lib_init_lc_ctype_1                 0x080001b3   Thumb Code     0  libinit2.o(.ARM.Collect$$libinit$$00000013)
    __rt_lib_init_lc_monetary_1              0x080001b3   Thumb Code     0  libinit2.o(.ARM.Collect$$libinit$$00000015)
    __rt_lib_init_lc_numeric_1               0x080001b3   Thumb Code     0  libinit2.o(.ARM.Collect$$libinit$$00000017)
    __rt_lib_init_lc_time_1                  0x080001b3   Thumb Code     0  libinit2.o(.ARM.Collect$$libinit$$00000019)
    __rt_lib_init_preinit_1                  0x080001b3   Thumb Code     0  libinit2.o(.ARM.Collect$$libinit$$00000004)
    __rt_lib_init_rand_1                     0x080001b3   Thumb Code     0  libinit2.o(.ARM.Collect$$libinit$$0000000E)
    __rt_lib_init_return                     0x080001b3   Thumb Code     0  libinit2.o(.ARM.Collect$$libinit$$00000033)
    __rt_lib_init_signal_1                   0x080001b3   Thumb Code     0  libinit2.o(.ARM.Collect$$libinit$$0000001D)
    __rt_lib_init_stdio_1                    0x080001b3   Thumb Code     0  libinit2.o(.ARM.Collect$$libinit$$00000025)
    __rt_lib_init_user_alloc_1               0x080001b3   Thumb Code     0  libinit2.o(.ARM.Collect$$libinit$$0000000C)
    __rt_lib_shutdown                        0x080001b5   Thumb Code     0  libshutdown.o(.ARM.Collect$$libshutdown$$00000000)
    __rt_lib_shutdown_cpp_1                  0x080001b7   Thumb Code     0  libshutdown2.o(.ARM.Collect$$libshutdown$$00000002)
    __rt_lib_shutdown_fp_trap_1              0x080001b7   Thumb Code     0  libshutdown2.o(.ARM.Collect$$libshutdown$$00000007)
    __rt_lib_shutdown_heap_1                 0x080001b7   Thumb Code     0  libshutdown2.o(.ARM.Collect$$libshutdown$$0000000F)
    __rt_lib_shutdown_return                 0x080001b7   Thumb Code     0  libshutdown2.o(.ARM.Collect$$libshutdown$$00000010)
    __rt_lib_shutdown_signal_1               0x080001b7   Thumb Code     0  libshutdown2.o(.ARM.Collect$$libshutdown$$0000000A)
    __rt_lib_shutdown_stdio_1                0x080001b7   Thumb Code     0  libshutdown2.o(.ARM.Collect$$libshutdown$$00000004)
    __rt_lib_shutdown_user_alloc_1           0x080001b7   Thumb Code     0  libshutdown2.o(.ARM.Collect$$libshutdown$$0000000C)
    __rt_entry                               0x080001b9   Thumb Code     0  __rtentry.o(.ARM.Collect$$rtentry$$00000000)
    __rt_entry_presh_1                       0x080001b9   Thumb Code     0  __rtentry2.o(.ARM.Collect$$rtentry$$00000002)
    __rt_entry_sh                            0x080001b9   Thumb Code     0  __rtentry4.o(.ARM.Collect$$rtentry$$00000004)
    __rt_entry_li                            0x080001bf   Thumb Code     0  __rtentry2.o(.ARM.Collect$$rtentry$$0000000A)
    __rt_entry_postsh_1                      0x080001bf   Thumb Code     0  __rtentry2.o(.ARM.Collect$$rtentry$$00000009)
    __rt_entry_main                          0x080001c3   Thumb Code     0  __rtentry2.o(.ARM.Collect$$rtentry$$0000000D)
    __rt_entry_postli_1                      0x080001c3   Thumb Code     0  __rtentry2.o(.ARM.Collect$$rtentry$$0000000C)
    __rt_exit                                0x080001cb   Thumb Code     0  rtexit.o(.ARM.Collect$$rtexit$$00000000)
    __rt_exit_ls                             0x080001cd   Thumb Code     0  rtexit2.o(.ARM.Collect$$rtexit$$00000003)
    __rt_exit_prels_1                        0x080001cd   Thumb Code     0  rtexit2.o(.ARM.Collect$$rtexit$$00000002)
    __rt_exit_exit                           0x080001d1   Thumb Code     0  rtexit2.o(.ARM.Collect$$rtexit$$00000004)
    Reset_Handler                            0x080001d9   Thumb Code     8  startup_stm32f103xb.o(.text)
    ADC1_2_IRQHandler                        0x080001f3   Thumb Code     0  startup_stm32f103xb.o(.text)
    CAN1_RX1_IRQHandler                      0x080001f3   Thumb Code     0  startup_stm32f103xb.o(.text)
    CAN1_SCE_IRQHandler                      0x080001f3   Thumb Code     0  startup_stm32f103xb.o(.text)
    DMA1_Channel1_IRQHandler                 0x080001f3   Thumb Code     0  startup_stm32f103xb.o(.text)
    DMA1_Channel2_IRQHandler                 0x080001f3   Thumb Code     0  startup_stm32f103xb.o(.text)
    DMA1_Channel3_IRQHandler                 0x080001f3   Thumb Code     0  startup_stm32f103xb.o(.text)
    DMA1_Channel4_IRQHandler                 0x080001f3   Thumb Code     0  startup_stm32f103xb.o(.text)
    DMA1_Channel5_IRQHandler                 0x080001f3   Thumb Code     0  startup_stm32f103xb.o(.text)
    DMA1_Channel6_IRQHandler                 0x080001f3   Thumb Code     0  startup_stm32f103xb.o(.text)
    DMA1_Channel7_IRQHandler                 0x080001f3   Thumb Code     0  startup_stm32f103xb.o(.text)
    EXTI0_IRQHandler                         0x080001f3   Thumb Code     0  startup_stm32f103xb.o(.text)
    EXTI15_10_IRQHandler                     0x080001f3   Thumb Code     0  startup_stm32f103xb.o(.text)
    EXTI1_IRQHandler                         0x080001f3   Thumb Code     0  startup_stm32f103xb.o(.text)
    EXTI2_IRQHandler                         0x080001f3   Thumb Code     0  startup_stm32f103xb.o(.text)
    EXTI3_IRQHandler                         0x080001f3   Thumb Code     0  startup_stm32f103xb.o(.text)
    EXTI4_IRQHandler                         0x080001f3   Thumb Code     0  startup_stm32f103xb.o(.text)
    EXTI9_5_IRQHandler                       0x080001f3   Thumb Code     0  startup_stm32f103xb.o(.text)
    FLASH_IRQHandler                         0x080001f3   Thumb Code     0  startup_stm32f103xb.o(.text)
    I2C1_ER_IRQHandler                       0x080001f3   Thumb Code     0  startup_stm32f103xb.o(.text)
    I2C1_EV_IRQHandler                       0x080001f3   Thumb Code     0  startup_stm32f103xb.o(.text)
    I2C2_ER_IRQHandler                       0x080001f3   Thumb Code     0  startup_stm32f103xb.o(.text)
    I2C2_EV_IRQHandler                       0x080001f3   Thumb Code     0  startup_stm32f103xb.o(.text)
    PVD_IRQHandler                           0x080001f3   Thumb Code     0  startup_stm32f103xb.o(.text)
    RCC_IRQHandler                           0x080001f3   Thumb Code     0  startup_stm32f103xb.o(.text)
    RTC_Alarm_IRQHandler                     0x080001f3   Thumb Code     0  startup_stm32f103xb.o(.text)
    RTC_IRQHandler                           0x080001f3   Thumb Code     0  startup_stm32f103xb.o(.text)
    SPI2_IRQHandler                          0x080001f3   Thumb Code     0  startup_stm32f103xb.o(.text)
    TAMPER_IRQHandler                        0x080001f3   Thumb Code     0  startup_stm32f103xb.o(.text)
    TIM1_BRK_IRQHandler                      0x080001f3   Thumb Code     0  startup_stm32f103xb.o(.text)
    TIM1_CC_IRQHandler                       0x080001f3   Thumb Code     0  startup_stm32f103xb.o(.text)
    TIM1_TRG_COM_IRQHandler                  0x080001f3   Thumb Code     0  startup_stm32f103xb.o(.text)
    TIM1_UP_IRQHandler                       0x080001f3   Thumb Code     0  startup_stm32f103xb.o(.text)
    TIM3_IRQHandler                          0x080001f3   Thumb Code     0  startup_stm32f103xb.o(.text)
    TIM4_IRQHandler                          0x080001f3   Thumb Code     0  startup_stm32f103xb.o(.text)
    USART1_IRQHandler                        0x080001f3   Thumb Code     0  startup_stm32f103xb.o(.text)
    USART2_IRQHandler                        0x080001f3   Thumb Code     0  startup_stm32f103xb.o(.text)
    USART3_IRQHandler                        0x080001f3   Thumb Code     0  startup_stm32f103xb.o(.text)
    USBWakeUp_IRQHandler                     0x080001f3   Thumb Code     0  startup_stm32f103xb.o(.text)
    WWDG_IRQHandler                          0x080001f3   Thumb Code     0  startup_stm32f103xb.o(.text)
    __user_initial_stackheap                 0x080001f5   Thumb Code     0  startup_stm32f103xb.o(.text)
    __2sprintf                               0x08000219   Thumb Code    34  noretval__2sprintf.o(.text)
    _printf_pre_padding                      0x08000241   Thumb Code    44  _printf_pad.o(.text)
    _printf_post_padding                     0x0800026d   Thumb Code    34  _printf_pad.o(.text)
    _printf_str                              0x0800028f   Thumb Code    82  _printf_str.o(.text)
    _printf_int_dec                          0x080002e1   Thumb Code   104  _printf_dec.o(.text)
    __printf                                 0x08000359   Thumb Code   270  __printf_wp.o(.text)
    strcspn                                  0x08000467   Thumb Code    32  strcspn.o(.text)
    strlen                                   0x08000487   Thumb Code    62  strlen.o(.text)
    strncmp                                  0x080004c5   Thumb Code   150  strncmp.o(.text)
    __aeabi_memcpy4                          0x0800055b   Thumb Code     0  rt_memcpy_w.o(.text)
    __aeabi_memcpy8                          0x0800055b   Thumb Code     0  rt_memcpy_w.o(.text)
    __rt_memcpy_w                            0x0800055b   Thumb Code   100  rt_memcpy_w.o(.text)
    _memcpy_lastbytes_aligned                0x080005a3   Thumb Code     0  rt_memcpy_w.o(.text)
    strncpy                                  0x080005bf   Thumb Code    86  strncpy.o(.text)
    __use_two_region_memory                  0x08000615   Thumb Code     2  heapauxi.o(.text)
    __rt_heap_escrow$2region                 0x08000617   Thumb Code     2  heapauxi.o(.text)
    __rt_heap_expand$2region                 0x08000619   Thumb Code     2  heapauxi.o(.text)
    _printf_int_common                       0x0800061b   Thumb Code   178  _printf_intcommon.o(.text)
    _printf_char_common                      0x080006d7   Thumb Code    32  _printf_char_common.o(.text)
    _sputc                                   0x080006fd   Thumb Code    10  _sputc.o(.text)
    _printf_cs_common                        0x08000707   Thumb Code    20  _printf_char.o(.text)
    _printf_char                             0x0800071b   Thumb Code    16  _printf_char.o(.text)
    _printf_string                           0x0800072b   Thumb Code     8  _printf_char.o(.text)
    __aeabi_memclr                           0x08000733   Thumb Code     0  rt_memclr.o(.text)
    __rt_memclr                              0x08000733   Thumb Code    68  rt_memclr.o(.text)
    _memset                                  0x08000737   Thumb Code     0  rt_memclr.o(.text)
    __aeabi_memclr4                          0x08000777   Thumb Code     0  rt_memclr_w.o(.text)
    __aeabi_memclr8                          0x08000777   Thumb Code     0  rt_memclr_w.o(.text)
    __rt_memclr_w                            0x08000777   Thumb Code    78  rt_memclr_w.o(.text)
    _memset_w                                0x0800077b   Thumb Code     0  rt_memclr_w.o(.text)
    __user_setup_stackheap                   0x080007c5   Thumb Code    74  sys_stackheap_outer.o(.text)
    exit                                     0x0800080f   Thumb Code    18  exit.o(.text)
    __user_libspace                          0x08000821   Thumb Code     8  libspace.o(.text)
    __user_perproc_libspace                  0x08000821   Thumb Code     0  libspace.o(.text)
    __user_perthread_libspace                0x08000821   Thumb Code     0  libspace.o(.text)
    _sys_exit                                0x08000829   Thumb Code     8  sys_exit.o(.text)
    __I$use$semihosting                      0x08000835   Thumb Code     0  use_no_semi.o(.text)
    __use_no_semihosting_swi                 0x08000835   Thumb Code     2  use_no_semi.o(.text)
    __semihosting_library_function           0x08000837   Thumb Code     0  indicate_semi.o(.text)
    BurstWrite                               0x08000839   Thumb Code    68  spi.o(i.BurstWrite)
    BusFault_Handler                         0x08000881   Thumb Code     4  stm32f1xx_it.o(i.BusFault_Handler)
    CDC_Transmit_FS                          0x0800090d   Thumb Code    50  usbd_cdc_if.o(i.CDC_Transmit_FS)
    DebugMon_Handler                         0x08000945   Thumb Code     2  stm32f1xx_it.o(i.DebugMon_Handler)
    Error_Handler                            0x08000947   Thumb Code     4  main.o(i.Error_Handler)
    HAL_Delay                                0x0800094b   Thumb Code    26  stm32f1xx_hal.o(i.HAL_Delay)
    HAL_GPIO_Init                            0x08000965   Thumb Code   764  stm32f1xx_hal_gpio.o(i.HAL_GPIO_Init)
    HAL_GPIO_ReadPin                         0x08000c81   Thumb Code    16  stm32f1xx_hal_gpio.o(i.HAL_GPIO_ReadPin)
    HAL_GPIO_WritePin                        0x08000c91   Thumb Code    12  stm32f1xx_hal_gpio.o(i.HAL_GPIO_WritePin)
    HAL_GetTick                              0x08000c9d   Thumb Code     6  stm32f1xx_hal.o(i.HAL_GetTick)
    HAL_IncTick                              0x08000ca9   Thumb Code    12  stm32f1xx_hal.o(i.HAL_IncTick)
    HAL_Init                                 0x08000cb9   Thumb Code    34  stm32f1xx_hal.o(i.HAL_Init)
    HAL_InitTick                             0x08000ce1   Thumb Code    36  stm32f1xx_hal.o(i.HAL_InitTick)
    HAL_MspInit                              0x08000d05   Thumb Code   130  stm32f1xx_hal_msp.o(i.HAL_MspInit)
    HAL_NVIC_EnableIRQ                       0x08000d91   Thumb Code    26  stm32f1xx_hal_cortex.o(i.HAL_NVIC_EnableIRQ)
    HAL_NVIC_SetPriority                     0x08000dab   Thumb Code   124  stm32f1xx_hal_cortex.o(i.HAL_NVIC_SetPriority)
    HAL_NVIC_SetPriorityGrouping             0x08000e29   Thumb Code    32  stm32f1xx_hal_cortex.o(i.HAL_NVIC_SetPriorityGrouping)
    HAL_PCDEx_PMAConfig                      0x08000e51   Thumb Code    62  stm32f1xx_hal_pcd_ex.o(i.HAL_PCDEx_PMAConfig)
    HAL_PCDEx_SetConnectionState             0x08000e8f   Thumb Code     2  usbd_conf.o(i.HAL_PCDEx_SetConnectionState)
    HAL_PCD_DataInStageCallback              0x08000e91   Thumb Code    28  usbd_conf.o(i.HAL_PCD_DataInStageCallback)
    HAL_PCD_DataOutStageCallback             0x08000ead   Thumb Code    28  usbd_conf.o(i.HAL_PCD_DataOutStageCallback)
    HAL_PCD_EP_Close                         0x08000ec9   Thumb Code   100  stm32f1xx_hal_pcd.o(i.HAL_PCD_EP_Close)
    HAL_PCD_EP_ClrStall                      0x08000f2d   Thumb Code    98  stm32f1xx_hal_pcd.o(i.HAL_PCD_EP_ClrStall)
    HAL_PCD_EP_GetRxCount                    0x08000f8f   Thumb Code    20  stm32f1xx_hal_pcd.o(i.HAL_PCD_EP_GetRxCount)
    HAL_PCD_EP_Open                          0x08000fa3   Thumb Code   118  stm32f1xx_hal_pcd.o(i.HAL_PCD_EP_Open)
    HAL_PCD_EP_Receive                       0x08001019   Thumb Code   106  stm32f1xx_hal_pcd.o(i.HAL_PCD_EP_Receive)
    HAL_PCD_EP_SetStall                      0x08001083   Thumb Code   114  stm32f1xx_hal_pcd.o(i.HAL_PCD_EP_SetStall)
    HAL_PCD_EP_Transmit                      0x080010f5   Thumb Code   108  stm32f1xx_hal_pcd.o(i.HAL_PCD_EP_Transmit)
    HAL_PCD_IRQHandler                       0x08001161   Thumb Code   356  stm32f1xx_hal_pcd.o(i.HAL_PCD_IRQHandler)
    HAL_PCD_Init                             0x080012c5   Thumb Code   282  stm32f1xx_hal_pcd.o(i.HAL_PCD_Init)
    HAL_PCD_MspInit                          0x080013e1   Thumb Code    74  usbd_conf.o(i.HAL_PCD_MspInit)
    HAL_PCD_ResetCallback                    0x08001435   Thumb Code    42  usbd_conf.o(i.HAL_PCD_ResetCallback)
    HAL_PCD_ResumeCallback                   0x0800145f   Thumb Code    14  usbd_conf.o(i.HAL_PCD_ResumeCallback)
    HAL_PCD_SOFCallback                      0x0800146d   Thumb Code    14  usbd_conf.o(i.HAL_PCD_SOFCallback)
    HAL_PCD_SetAddress                       0x0800147b   Thumb Code    54  stm32f1xx_hal_pcd.o(i.HAL_PCD_SetAddress)
    HAL_PCD_SetupStageCallback               0x080014b1   Thumb Code    18  usbd_conf.o(i.HAL_PCD_SetupStageCallback)
    HAL_PCD_Start                            0x080014c3   Thumb Code    60  stm32f1xx_hal_pcd.o(i.HAL_PCD_Start)
    HAL_PCD_SuspendCallback                  0x08001501   Thumb Code    30  usbd_conf.o(i.HAL_PCD_SuspendCallback)
    HAL_RCCEx_PeriphCLKConfig                0x08001525   Thumb Code   366  stm32f1xx_hal_rcc_ex.o(i.HAL_RCCEx_PeriphCLKConfig)
    HAL_RCC_ClockConfig                      0x080016a1   Thumb Code   648  stm32f1xx_hal_rcc.o(i.HAL_RCC_ClockConfig)
    HAL_RCC_GetHCLKFreq                      0x08001939   Thumb Code     6  stm32f1xx_hal_rcc.o(i.HAL_RCC_GetHCLKFreq)
    HAL_RCC_GetSysClockFreq                  0x08001945   Thumb Code   146  stm32f1xx_hal_rcc.o(i.HAL_RCC_GetSysClockFreq)
    HAL_RCC_OscConfig                        0x080019f9   Thumb Code  2164  stm32f1xx_hal_rcc.o(i.HAL_RCC_OscConfig)
    HAL_SPI_ErrorCallback                    0x08002271   Thumb Code     2  stm32f1xx_hal_spi.o(i.HAL_SPI_ErrorCallback)
    HAL_SPI_IRQHandler                       0x08002273   Thumb Code   228  stm32f1xx_hal_spi.o(i.HAL_SPI_IRQHandler)
    HAL_SPI_Init                             0x08002359   Thumb Code   134  stm32f1xx_hal_spi_ex.o(i.HAL_SPI_Init)
    HAL_SPI_MspInit                          0x080023e5   Thumb Code   100  stm32f1xx_hal_msp.o(i.HAL_SPI_MspInit)
    HAL_SPI_Receive                          0x08002455   Thumb Code   588  stm32f1xx_hal_spi.o(i.HAL_SPI_Receive)
    HAL_SPI_Transmit                         0x080026a1   Thumb Code   448  stm32f1xx_hal_spi.o(i.HAL_SPI_Transmit)
    HAL_SPI_TransmitReceive                  0x08002861   Thumb Code   836  stm32f1xx_hal_spi.o(i.HAL_SPI_TransmitReceive)
    HAL_SYSTICK_CLKSourceConfig              0x08002ba5   Thumb Code    40  stm32f1xx_hal_cortex.o(i.HAL_SYSTICK_CLKSourceConfig)
    HAL_SYSTICK_Callback                     0x08002bcd   Thumb Code     2  stm32f1xx_hal_cortex.o(i.HAL_SYSTICK_Callback)
    HAL_SYSTICK_Config                       0x08002bcf   Thumb Code    52  stm32f1xx_hal_cortex.o(i.HAL_SYSTICK_Config)
    HAL_SYSTICK_IRQHandler                   0x08002c03   Thumb Code     8  stm32f1xx_hal_cortex.o(i.HAL_SYSTICK_IRQHandler)
    HAL_TIMEx_BreakCallback                  0x08002c0b   Thumb Code     2  stm32f1xx_hal_tim_ex.o(i.HAL_TIMEx_BreakCallback)
    HAL_TIMEx_CommutationCallback            0x08002c0d   Thumb Code     2  stm32f1xx_hal_tim_ex.o(i.HAL_TIMEx_CommutationCallback)
    HAL_TIMEx_MasterConfigSynchronization    0x08002c0f   Thumb Code    98  stm32f1xx_hal_tim_ex.o(i.HAL_TIMEx_MasterConfigSynchronization)
    HAL_TIM_Base_Init                        0x08002c71   Thumb Code    52  stm32f1xx_hal_tim.o(i.HAL_TIM_Base_Init)
    HAL_TIM_Base_MspInit                     0x08002ca5   Thumb Code    58  stm32f1xx_hal_msp.o(i.HAL_TIM_Base_MspInit)
    HAL_TIM_Base_Start_IT                    0x08002ce5   Thumb Code    30  stm32f1xx_hal_tim.o(i.HAL_TIM_Base_Start_IT)
    HAL_TIM_Base_Stop_IT                     0x08002d03   Thumb Code    56  stm32f1xx_hal_tim.o(i.HAL_TIM_Base_Stop_IT)
    HAL_TIM_ConfigClockSource                0x08002d3b   Thumb Code   306  stm32f1xx_hal_tim.o(i.HAL_TIM_ConfigClockSource)
    HAL_TIM_IC_CaptureCallback               0x08002e6d   Thumb Code     2  stm32f1xx_hal_tim.o(i.HAL_TIM_IC_CaptureCallback)
    HAL_TIM_IRQHandler                       0x08002e6f   Thumb Code   406  stm32f1xx_hal_tim.o(i.HAL_TIM_IRQHandler)
    HAL_TIM_OC_DelayElapsedCallback          0x08003005   Thumb Code     2  stm32f1xx_hal_tim.o(i.HAL_TIM_OC_DelayElapsedCallback)
    HAL_TIM_PWM_PulseFinishedCallback        0x08003007   Thumb Code     2  stm32f1xx_hal_tim.o(i.HAL_TIM_PWM_PulseFinishedCallback)
    HAL_TIM_PeriodElapsedCallback            0x08003009   Thumb Code     2  stm32f1xx_hal_tim.o(i.HAL_TIM_PeriodElapsedCallback)
    HAL_TIM_TriggerCallback                  0x0800300b   Thumb Code     2  stm32f1xx_hal_tim.o(i.HAL_TIM_TriggerCallback)
    HardFault_Handler                        0x0800300d   Thumb Code     4  stm32f1xx_it.o(i.HardFault_Handler)
    MX_USB_DEVICE_Init                       0x080031c1   Thumb Code    36  usb_device.o(i.MX_USB_DEVICE_Init)
    MemManage_Handler                        0x080031f5   Thumb Code     4  stm32f1xx_it.o(i.MemManage_Handler)
    NMI_Handler                              0x080031f9   Thumb Code     2  stm32f1xx_it.o(i.NMI_Handler)
    PendSV_Handler                           0x08003679   Thumb Code     2  stm32f1xx_it.o(i.PendSV_Handler)
    SPI1_IRQHandler                          0x0800367d   Thumb Code    10  stm32f1xx_it.o(i.SPI1_IRQHandler)
    SPIBurstRead                             0x0800368d   Thumb Code    66  spi.o(i.SPIBurstRead)
    SPICmd8bit                               0x080036d5   Thumb Code    26  spi.o(i.SPICmd8bit)
    SPIRead                                  0x080036f9   Thumb Code    30  spi.o(i.SPIRead)
    SPIRead8bit                              0x0800371d   Thumb Code    34  spi.o(i.SPIRead8bit)
    SPIWrite                                 0x08003749   Thumb Code    42  spi.o(i.SPIWrite)
    SPI_ISCRCErrorValid                      0x08003779   Thumb Code     6  stm32f1xx_hal_spi_ex.o(i.SPI_ISCRCErrorValid)
    SVC_Handler                              0x08003893   Thumb Code     2  stm32f1xx_it.o(i.SVC_Handler)
    SysTick_Handler                          0x08003895   Thumb Code    12  stm32f1xx_it.o(i.SysTick_Handler)
    SystemClock_Config                       0x080038a1   Thumb Code   138  main.o(i.SystemClock_Config)
    SystemInit                               0x08003931   Thumb Code    70  system_stm32f1xx.o(i.SystemInit)
    TIM2_IRQHandler                          0x08003989   Thumb Code    10  stm32f1xx_it.o(i.TIM2_IRQHandler)
    TIM_Base_SetConfig                       0x08003999   Thumb Code    94  stm32f1xx_hal_tim.o(i.TIM_Base_SetConfig)
    USBD_CDC_GetDeviceQualifierDescriptor    0x08003b49   Thumb Code    10  usbd_cdc.o(i.USBD_CDC_GetDeviceQualifierDescriptor)
    USBD_CDC_ReceivePacket                   0x08003c2f   Thumb Code    58  usbd_cdc.o(i.USBD_CDC_ReceivePacket)
    USBD_CDC_RegisterInterface               0x08003c69   Thumb Code    14  usbd_cdc.o(i.USBD_CDC_RegisterInterface)
    USBD_CDC_SetRxBuffer                     0x08003c77   Thumb Code    14  usbd_cdc.o(i.USBD_CDC_SetRxBuffer)
    USBD_CDC_SetTxBuffer                     0x08003c85   Thumb Code    20  usbd_cdc.o(i.USBD_CDC_SetTxBuffer)
    USBD_CDC_TransmitPacket                  0x08003d29   Thumb Code    56  usbd_cdc.o(i.USBD_CDC_TransmitPacket)
    USBD_ClrClassConfig                      0x08003d61   Thumb Code    22  usbd_core.o(i.USBD_ClrClassConfig)
    USBD_CtlContinueRx                       0x08003dbb   Thumb Code    24  usbd_ioreq.o(i.USBD_CtlContinueRx)
    USBD_CtlContinueSendData                 0x08003dd3   Thumb Code    24  usbd_ioreq.o(i.USBD_CtlContinueSendData)
    USBD_CtlError                            0x08003deb   Thumb Code    24  usbd_ctlreq.o(i.USBD_CtlError)
    USBD_CtlPrepareRx                        0x08003e03   Thumb Code    40  usbd_ioreq.o(i.USBD_CtlPrepareRx)
    USBD_CtlReceiveStatus                    0x08003e2b   Thumb Code    26  usbd_ioreq.o(i.USBD_CtlReceiveStatus)
    USBD_CtlSendData                         0x08003e45   Thumb Code    34  usbd_ioreq.o(i.USBD_CtlSendData)
    USBD_CtlSendStatus                       0x08003e67   Thumb Code    26  usbd_ioreq.o(i.USBD_CtlSendStatus)
    USBD_FS_ConfigStrDescriptor              0x08003e81   Thumb Code    34  usbd_desc.o(i.USBD_FS_ConfigStrDescriptor)
    USBD_FS_DeviceDescriptor                 0x08003eb5   Thumb Code    10  usbd_desc.o(i.USBD_FS_DeviceDescriptor)
    USBD_FS_InterfaceStrDescriptor           0x08003ec5   Thumb Code    34  usbd_desc.o(i.USBD_FS_InterfaceStrDescriptor)
    USBD_FS_LangIDStrDescriptor              0x08003efd   Thumb Code    10  usbd_desc.o(i.USBD_FS_LangIDStrDescriptor)
    USBD_FS_ManufacturerStrDescriptor        0x08003f0d   Thumb Code    20  usbd_desc.o(i.USBD_FS_ManufacturerStrDescriptor)
    USBD_FS_ProductStrDescriptor             0x08003f39   Thumb Code    34  usbd_desc.o(i.USBD_FS_ProductStrDescriptor)
    USBD_FS_SerialStrDescriptor              0x08003f79   Thumb Code    34  usbd_desc.o(i.USBD_FS_SerialStrDescriptor)
    USBD_GetString                           0x080041a1   Thumb Code    82  usbd_ctlreq.o(i.USBD_GetString)
    USBD_Init                                0x080041f3   Thumb Code    50  usbd_core.o(i.USBD_Init)
    USBD_LL_ClearStallEP                     0x08004225   Thumb Code    68  usbd_conf.o(i.USBD_LL_ClearStallEP)
    USBD_LL_CloseEP                          0x08004269   Thumb Code    68  usbd_conf.o(i.USBD_LL_CloseEP)
    USBD_LL_DataInStage                      0x080042ad   Thumb Code   218  usbd_core.o(i.USBD_LL_DataInStage)
    USBD_LL_DataOutStage                     0x08004387   Thumb Code   134  usbd_core.o(i.USBD_LL_DataOutStage)
    USBD_LL_GetRxDataSize                    0x0800440d   Thumb Code    18  usbd_conf.o(i.USBD_LL_GetRxDataSize)
    USBD_LL_Init                             0x08004421   Thumb Code   128  usbd_conf.o(i.USBD_LL_Init)
    USBD_LL_IsStallEP                        0x080044a9   Thumb Code    48  usbd_conf.o(i.USBD_LL_IsStallEP)
    USBD_LL_OpenEP                           0x080044d9   Thumb Code    98  usbd_conf.o(i.USBD_LL_OpenEP)
    USBD_LL_PrepareReceive                   0x0800453b   Thumb Code    98  usbd_conf.o(i.USBD_LL_PrepareReceive)
    USBD_LL_Reset                            0x0800459d   Thumb Code    68  usbd_core.o(i.USBD_LL_Reset)
    USBD_LL_Resume                           0x080045e1   Thumb Code    14  usbd_core.o(i.USBD_LL_Resume)
    USBD_LL_SOF                              0x080045ef   Thumb Code    34  usbd_core.o(i.USBD_LL_SOF)
    USBD_LL_SetSpeed                         0x08004611   Thumb Code     8  usbd_core.o(i.USBD_LL_SetSpeed)
    USBD_LL_SetUSBAddress                    0x08004619   Thumb Code    68  usbd_conf.o(i.USBD_LL_SetUSBAddress)
    USBD_LL_SetupStage                       0x0800465d   Thumb Code   110  usbd_core.o(i.USBD_LL_SetupStage)
    USBD_LL_StallEP                          0x080046cb   Thumb Code    68  usbd_conf.o(i.USBD_LL_StallEP)
    USBD_LL_Start                            0x0800470f   Thumb Code    60  usbd_conf.o(i.USBD_LL_Start)
    USBD_LL_Suspend                          0x0800474b   Thumb Code    20  usbd_core.o(i.USBD_LL_Suspend)
    USBD_LL_Transmit                         0x0800475f   Thumb Code    98  usbd_conf.o(i.USBD_LL_Transmit)
    USBD_ParseSetupRequest                   0x080047c1   Thumb Code    40  usbd_ctlreq.o(i.USBD_ParseSetupRequest)
    USBD_RegisterClass                       0x080047e9   Thumb Code    16  usbd_core.o(i.USBD_RegisterClass)
    USBD_RunTestMode                         0x080047f9   Thumb Code     6  usbd_core.o(i.USBD_RunTestMode)
    USBD_SetClassConfig                      0x08004853   Thumb Code    34  usbd_core.o(i.USBD_SetClassConfig)
    USBD_Start                               0x08004979   Thumb Code    14  usbd_core.o(i.USBD_Start)
    USBD_StdDevReq                           0x08004987   Thumb Code   114  usbd_ctlreq.o(i.USBD_StdDevReq)
    USBD_StdEPReq                            0x080049f9   Thumb Code   342  usbd_ctlreq.o(i.USBD_StdEPReq)
    USBD_StdItfReq                           0x08004b4f   Thumb Code    74  usbd_ctlreq.o(i.USBD_StdItfReq)
    USBD_static_free                         0x08004b99   Thumb Code     2  usbd_conf.o(i.USBD_static_free)
    USBD_static_malloc                       0x08004b9d   Thumb Code     6  usbd_conf.o(i.USBD_static_malloc)
    USB_ActivateEndpoint                     0x08004ba9   Thumb Code   938  stm32f1xx_ll_usb.o(i.USB_ActivateEndpoint)
    USB_CoreInit                             0x08004f53   Thumb Code     8  stm32f1xx_ll_usb.o(i.USB_CoreInit)
    USB_DeactivateEndpoint                   0x08004f5b   Thumb Code   532  stm32f1xx_ll_usb.o(i.USB_DeactivateEndpoint)
    USB_DevConnect                           0x0800516f   Thumb Code     6  stm32f1xx_ll_usb.o(i.USB_DevConnect)
    USB_DevDisconnect                        0x08005175   Thumb Code     6  stm32f1xx_ll_usb.o(i.USB_DevDisconnect)
    USB_DevInit                              0x0800517b   Thumb Code    22  stm32f1xx_ll_usb.o(i.USB_DevInit)
    USB_DisableGlobalInt                     0x08005191   Thumb Code    22  stm32f1xx_ll_usb.o(i.USB_DisableGlobalInt)
    USB_EP0_OutStart                         0x080051a7   Thumb Code     6  stm32f1xx_ll_usb.o(i.USB_EP0_OutStart)
    USB_EPClearStall                         0x080051ad   Thumb Code   180  stm32f1xx_ll_usb.o(i.USB_EPClearStall)
    USB_EPSetStall                           0x08005261   Thumb Code   134  stm32f1xx_ll_usb.o(i.USB_EPSetStall)
    USB_EPStartXfer                          0x080052e7   Thumb Code   818  stm32f1xx_ll_usb.o(i.USB_EPStartXfer)
    USB_EnableGlobalInt                      0x08005619   Thumb Code    22  stm32f1xx_ll_usb.o(i.USB_EnableGlobalInt)
    USB_HP_CAN1_TX_IRQHandler                0x08005631   Thumb Code    10  stm32f1xx_it.o(i.USB_HP_CAN1_TX_IRQHandler)
    USB_LP_CAN1_RX0_IRQHandler               0x08005641   Thumb Code    10  stm32f1xx_it.o(i.USB_LP_CAN1_RX0_IRQHandler)
    USB_ReadInterrupts                       0x08005651   Thumb Code    10  stm32f1xx_ll_usb.o(i.USB_ReadInterrupts)
    USB_ReadPMA                              0x0800565b   Thumb Code    40  stm32f1xx_ll_usb.o(i.USB_ReadPMA)
    USB_SetCurrentMode                       0x08005683   Thumb Code     6  stm32f1xx_ll_usb.o(i.USB_SetCurrentMode)
    USB_SetDevAddress                        0x08005689   Thumb Code    14  stm32f1xx_ll_usb.o(i.USB_SetDevAddress)
    USB_WritePMA                             0x08005697   Thumb Code    66  stm32f1xx_ll_usb.o(i.USB_WritePMA)
    UsageFault_Handler                       0x080056d9   Thumb Code     4  stm32f1xx_it.o(i.UsageFault_Handler)
    _is_digit                                0x080056dd   Thumb Code    14  __printf_wp.o(i._is_digit)
    main                                     0x080056eb   Thumb Code    32  main.o(i.main)
    mainApp                                  0x0800570d   Thumb Code  1500  mainapp.o(i.mainApp)
    sx1276_7_8_Config                        0x08005d15   Thumb Code   244  sx1276_7_8.o(i.sx1276_7_8_Config)
    sx1276_7_8_EntryLoRa                     0x08005e29   Thumb Code    12  sx1276_7_8.o(i.sx1276_7_8_EntryLoRa)
    sx1276_7_8_LoRaClearIrq                  0x08005e35   Thumb Code    12  sx1276_7_8.o(i.sx1276_7_8_LoRaClearIrq)
    sx1276_7_8_LoRaEntryRx                   0x08005e41   Thumb Code   122  sx1276_7_8.o(i.sx1276_7_8_LoRaEntryRx)
    sx1276_7_8_LoRaEntryTx                   0x08005ec1   Thumb Code   104  sx1276_7_8.o(i.sx1276_7_8_LoRaEntryTx)
    sx1276_7_8_LoRaReadRSSI                  0x08005f2d   Thumb Code   128  sx1276_7_8.o(i.sx1276_7_8_LoRaReadRSSI)
    sx1276_7_8_LoRaRxPacket                  0x08005fb1   Thumb Code    94  sx1276_7_8.o(i.sx1276_7_8_LoRaRxPacket)
    sx1276_7_8_LoRaTxPacket                  0x08006021   Thumb Code    36  sx1276_7_8.o(i.sx1276_7_8_LoRaTxPacket)
    sx1276_7_8_Sleep                         0x08006049   Thumb Code    12  sx1276_7_8.o(i.sx1276_7_8_Sleep)
    sx1276_7_8_Standby                       0x08006055   Thumb Code    12  sx1276_7_8.o(i.sx1276_7_8_Standby)
    timer_measure_start                      0x08006061   Thumb Code    10  logging.o(i.timer_measure_start)
    timer_measure_stop                       0x08006071   Thumb Code    26  logging.o(i.timer_measure_stop)
    __aeabi_dadd                             0x08006091   Thumb Code     0  daddsub_clz.o(x$fpl$dadd)
    _dadd                                    0x08006091   Thumb Code   332  daddsub_clz.o(x$fpl$dadd)
    __aeabi_d2iz                             0x080061e1   Thumb Code     0  dfix.o(x$fpl$dfix)
    _dfix                                    0x080061e1   Thumb Code    94  dfix.o(x$fpl$dfix)
    __aeabi_i2d                              0x0800623f   Thumb Code     0  dflt_clz.o(x$fpl$dflt)
    _dflt                                    0x0800623f   Thumb Code    46  dflt_clz.o(x$fpl$dflt)
    __aeabi_dmul                             0x0800626d   Thumb Code     0  dmul.o(x$fpl$dmul)
    _dmul                                    0x0800626d   Thumb Code   332  dmul.o(x$fpl$dmul)
    __fpl_dnaninf                            0x080063c1   Thumb Code   156  dnaninf.o(x$fpl$dnaninf)
    __fpl_dretinf                            0x0800645d   Thumb Code    12  dretinf.o(x$fpl$dretinf)
    __aeabi_dsub                             0x08006469   Thumb Code     0  daddsub_clz.o(x$fpl$dsub)
    _dsub                                    0x08006469   Thumb Code   464  daddsub_clz.o(x$fpl$dsub)
    __I$use$fp                               0x0800663c   Number         0  usenofp.o(x$fpl$usenofp)
    sx1276_7_8FreqTbl                        0x0800663c   Data           3  sx1276_7_8.o(.constdata)
    sx1276_7_8PowerTbl                       0x0800663f   Data           4  sx1276_7_8.o(.constdata)
    sx1276_7_8SpreadFactorTbl                0x08006643   Data           7  sx1276_7_8.o(.constdata)
    sx1276_7_8LoRaBwTbl                      0x0800664a   Data          10  sx1276_7_8.o(.constdata)
    AHBPrescTable                            0x08006654   Data          16  system_stm32f1xx.o(.constdata)
    APBPrescTable                            0x08006664   Data           8  system_stm32f1xx.o(.constdata)
    Region$$Table$$Base                      0x080066d4   Number         0  anon$$obj.o(Region$$Table)
    Region$$Table$$Limit                     0x080066f4   Number         0  anon$$obj.o(Region$$Table)
    SysTime                                  0x20000000   Data           2  mainapp.o(.data)
    time2_count                              0x20000002   Data           2  mainapp.o(.data)
    key1_time_count                          0x20000004   Data           2  mainapp.o(.data)
    key2_time_count                          0x20000006   Data           2  mainapp.o(.data)
    rf_rx_packet_length                      0x20000008   Data           1  mainapp.o(.data)
    mode                                     0x20000009   Data           1  mainapp.o(.data)
    Freq_Sel                                 0x2000000a   Data           1  mainapp.o(.data)
    Power_Sel                                0x2000000b   Data           1  mainapp.o(.data)
    Lora_Rate_Sel                            0x2000000c   Data           1  mainapp.o(.data)
    BandWide_Sel                             0x2000000d   Data           1  mainapp.o(.data)
    count                                    0x20000010   Data           4  mainapp.o(.data)
    number_of_ack                            0x20000014   Data           4  mainapp.o(.data)
    number_of_noack                          0x20000018   Data           4  mainapp.o(.data)
    Fsk_Rate_Sel                             0x2000001c   Data           1  mainapp.o(.data)
    count_idx                                0x2000001d   Data           1  mainapp.o(.data)
    flag_idx                                 0x2000001e   Data           1  mainapp.o(.data)
    count_1                                  0x2000001f   Data           1  mainapp.o(.data)
    count_2                                  0x20000020   Data           1  mainapp.o(.data)
    count_3                                  0x20000021   Data           1  mainapp.o(.data)
    key1_count                               0x20000022   Data           1  mainapp.o(.data)
    time_flag                                0x20000023   Data           1  mainapp.o(.data)
    operation_flag                           0x20000024   Data           1  mainapp.o(.data)
    key_flag                                 0x20000025   Data           1  mainapp.o(.data)
    tick_temp                                0x20000028   Data           4  mainapp.o(.data)
    sx1276_7_8Data                           0x2000002c   Data          64  sx1276_7_8.o(.data)
    temp                                     0x2000006c   Data           1  sx1276_7_8.o(.data)
    result                                   0x2000006d   Data           1  sx1276_7_8.o(.data)
    SystemCoreClock                          0x20000070   Data           4  system_stm32f1xx.o(.data)
    UserRxBufferFS                           0x20000074   Data           4  usbd_cdc_if.o(.data)
    UserTxBufferFS                           0x20000078   Data           4  usbd_cdc_if.o(.data)
    USBD_Interface_fops_FS                   0x2000007c   Data          16  usbd_cdc_if.o(.data)
    FS_Desc                                  0x2000008c   Data          28  usbd_desc.o(.data)
    USBD_FS_DeviceDesc                       0x200000a8   Data          18  usbd_desc.o(.data)
    USBD_LangIDDesc                          0x200000bc   Data           4  usbd_desc.o(.data)
    uCRCErrorWorkaroundCheck                 0x200000c4   Data           1  stm32f1xx_hal_spi_ex.o(.data)
    USBD_CDC                                 0x200000d4   Data          56  usbd_cdc.o(.data)
    USBD_CDC_CfgHSDesc                       0x2000010c   Data          67  usbd_cdc.o(.data)
    USBD_CDC_CfgFSDesc                       0x20000150   Data          67  usbd_cdc.o(.data)
    USBD_CDC_OtherSpeedCfgDesc               0x20000194   Data          67  usbd_cdc.o(.data)
    hspi1                                    0x200001dc   Data          88  main.o(.bss)
    htim2                                    0x20000234   Data          60  main.o(.bss)
    strBuf                                   0x20000270   Data         128  mainapp.o(.bss)
    RSSI_Array                               0x200002f0   Data           9  mainapp.o(.bss)
    RxData                                   0x200002f9   Data          64  sx1276_7_8.o(.bss)
    RxData1                                  0x20000339   Data          64  sx1276_7_8.o(.bss)
    hUsbDeviceFS                             0x2000037c   Data         548  usb_device.o(.bss)
    hpcd_USB_FS                              0x200005a0   Data        1056  usbd_conf.o(.bss)
    USBD_StrDesc                             0x20000be0   Data         512  usbd_desc.o(.bss)
    __libspace_start                         0x20000de0   Data          96  libspace.o(.bss)
    __temporary_stack_top$libspace           0x20000e40   Data           0  libspace.o(.bss)



==============================================================================

Memory Map of the image

  Image Entry point : 0x080000ed

  Load Region LR_IROM1 (Base: 0x08000000, Size: 0x000068d0, Max: 0x00010000, ABSOLUTE, COMPRESSED[0x000067d0])

    Execution Region ER_IROM1 (Exec base: 0x08000000, Load base: 0x08000000, Size: 0x000066f4, Max: 0x00010000, ABSOLUTE)

    Exec Addr    Load Addr    Size         Type   Attr      Idx    E Section Name        Object

    0x08000000   0x08000000   0x000000ec   Data   RO         3978    RESET               startup_stm32f103xb.o
    0x080000ec   0x080000ec   0x00000008   Code   RO         4034  * !!!main             c_w.l(__main.o)
    0x080000f4   0x080000f4   0x00000034   Code   RO         4231    !!!scatter          c_w.l(__scatter.o)
    0x08000128   0x08000128   0x0000005a   Code   RO         4229    !!dczerorl2         c_w.l(__dczerorl2.o)
    0x08000182   0x08000182   0x00000002   PAD
    0x08000184   0x08000184   0x0000001c   Code   RO         4233    !!handler_zi        c_w.l(__scatter_zi.o)
    0x080001a0   0x080001a0   0x00000000   Code   RO         4021    .ARM.Collect$$_printf_percent$$00000000  c_w.l(_printf_percent.o)
    0x080001a0   0x080001a0   0x00000006   Code   RO         4020    .ARM.Collect$$_printf_percent$$00000009  c_w.l(_printf_d.o)
    0x080001a6   0x080001a6   0x00000006   Code   RO         4019    .ARM.Collect$$_printf_percent$$00000014  c_w.l(_printf_s.o)
    0x080001ac   0x080001ac   0x00000004   Code   RO         4063    .ARM.Collect$$_printf_percent$$00000017  c_w.l(_printf_percent_end.o)
    0x080001b0   0x080001b0   0x00000002   Code   RO         4099    .ARM.Collect$$libinit$$00000000  c_w.l(libinit.o)
    0x080001b2   0x080001b2   0x00000000   Code   RO         4106    .ARM.Collect$$libinit$$00000002  c_w.l(libinit2.o)
    0x080001b2   0x080001b2   0x00000000   Code   RO         4108    .ARM.Collect$$libinit$$00000004  c_w.l(libinit2.o)
    0x080001b2   0x080001b2   0x00000000   Code   RO         4111    .ARM.Collect$$libinit$$0000000A  c_w.l(libinit2.o)
    0x080001b2   0x080001b2   0x00000000   Code   RO         4113    .ARM.Collect$$libinit$$0000000C  c_w.l(libinit2.o)
    0x080001b2   0x080001b2   0x00000000   Code   RO         4115    .ARM.Collect$$libinit$$0000000E  c_w.l(libinit2.o)
    0x080001b2   0x080001b2   0x00000000   Code   RO         4118    .ARM.Collect$$libinit$$00000011  c_w.l(libinit2.o)
    0x080001b2   0x080001b2   0x00000000   Code   RO         4120    .ARM.Collect$$libinit$$00000013  c_w.l(libinit2.o)
    0x080001b2   0x080001b2   0x00000000   Code   RO         4122    .ARM.Collect$$libinit$$00000015  c_w.l(libinit2.o)
    0x080001b2   0x080001b2   0x00000000   Code   RO         4124    .ARM.Collect$$libinit$$00000017  c_w.l(libinit2.o)
    0x080001b2   0x080001b2   0x00000000   Code   RO         4126    .ARM.Collect$$libinit$$00000019  c_w.l(libinit2.o)
    0x080001b2   0x080001b2   0x00000000   Code   RO         4128    .ARM.Collect$$libinit$$0000001B  c_w.l(libinit2.o)
    0x080001b2   0x080001b2   0x00000000   Code   RO         4130    .ARM.Collect$$libinit$$0000001D  c_w.l(libinit2.o)
    0x080001b2   0x080001b2   0x00000000   Code   RO         4132    .ARM.Collect$$libinit$$0000001F  c_w.l(libinit2.o)
    0x080001b2   0x080001b2   0x00000000   Code   RO         4134    .ARM.Collect$$libinit$$00000021  c_w.l(libinit2.o)
    0x080001b2   0x080001b2   0x00000000   Code   RO         4136    .ARM.Collect$$libinit$$00000023  c_w.l(libinit2.o)
    0x080001b2   0x080001b2   0x00000000   Code   RO         4138    .ARM.Collect$$libinit$$00000025  c_w.l(libinit2.o)
    0x080001b2   0x080001b2   0x00000000   Code   RO         4142    .ARM.Collect$$libinit$$0000002C  c_w.l(libinit2.o)
    0x080001b2   0x080001b2   0x00000000   Code   RO         4144    .ARM.Collect$$libinit$$0000002E  c_w.l(libinit2.o)
    0x080001b2   0x080001b2   0x00000000   Code   RO         4146    .ARM.Collect$$libinit$$00000030  c_w.l(libinit2.o)
    0x080001b2   0x080001b2   0x00000000   Code   RO         4148    .ARM.Collect$$libinit$$00000032  c_w.l(libinit2.o)
    0x080001b2   0x080001b2   0x00000002   Code   RO         4149    .ARM.Collect$$libinit$$00000033  c_w.l(libinit2.o)
    0x080001b4   0x080001b4   0x00000002   Code   RO         4169    .ARM.Collect$$libshutdown$$00000000  c_w.l(libshutdown.o)
    0x080001b6   0x080001b6   0x00000000   Code   RO         4182    .ARM.Collect$$libshutdown$$00000002  c_w.l(libshutdown2.o)
    0x080001b6   0x080001b6   0x00000000   Code   RO         4184    .ARM.Collect$$libshutdown$$00000004  c_w.l(libshutdown2.o)
    0x080001b6   0x080001b6   0x00000000   Code   RO         4187    .ARM.Collect$$libshutdown$$00000007  c_w.l(libshutdown2.o)
    0x080001b6   0x080001b6   0x00000000   Code   RO         4190    .ARM.Collect$$libshutdown$$0000000A  c_w.l(libshutdown2.o)
    0x080001b6   0x080001b6   0x00000000   Code   RO         4192    .ARM.Collect$$libshutdown$$0000000C  c_w.l(libshutdown2.o)
    0x080001b6   0x080001b6   0x00000000   Code   RO         4195    .ARM.Collect$$libshutdown$$0000000F  c_w.l(libshutdown2.o)
    0x080001b6   0x080001b6   0x00000002   Code   RO         4196    .ARM.Collect$$libshutdown$$00000010  c_w.l(libshutdown2.o)
    0x080001b8   0x080001b8   0x00000000   Code   RO         4054    .ARM.Collect$$rtentry$$00000000  c_w.l(__rtentry.o)
    0x080001b8   0x080001b8   0x00000000   Code   RO         4072    .ARM.Collect$$rtentry$$00000002  c_w.l(__rtentry2.o)
    0x080001b8   0x080001b8   0x00000006   Code   RO         4084    .ARM.Collect$$rtentry$$00000004  c_w.l(__rtentry4.o)
    0x080001be   0x080001be   0x00000000   Code   RO         4074    .ARM.Collect$$rtentry$$00000009  c_w.l(__rtentry2.o)
    0x080001be   0x080001be   0x00000004   Code   RO         4075    .ARM.Collect$$rtentry$$0000000A  c_w.l(__rtentry2.o)
    0x080001c2   0x080001c2   0x00000000   Code   RO         4077    .ARM.Collect$$rtentry$$0000000C  c_w.l(__rtentry2.o)
    0x080001c2   0x080001c2   0x00000008   Code   RO         4078    .ARM.Collect$$rtentry$$0000000D  c_w.l(__rtentry2.o)
    0x080001ca   0x080001ca   0x00000002   Code   RO         4103    .ARM.Collect$$rtexit$$00000000  c_w.l(rtexit.o)
    0x080001cc   0x080001cc   0x00000000   Code   RO         4151    .ARM.Collect$$rtexit$$00000002  c_w.l(rtexit2.o)
    0x080001cc   0x080001cc   0x00000004   Code   RO         4152    .ARM.Collect$$rtexit$$00000003  c_w.l(rtexit2.o)
    0x080001d0   0x080001d0   0x00000006   Code   RO         4153    .ARM.Collect$$rtexit$$00000004  c_w.l(rtexit2.o)
    0x080001d6   0x080001d6   0x00000002   PAD
    0x080001d8   0x080001d8   0x00000040   Code   RO         3979    .text               startup_stm32f103xb.o
    0x08000218   0x08000218   0x00000028   Code   RO         3989    .text               c_w.l(noretval__2sprintf.o)
    0x08000240   0x08000240   0x0000004e   Code   RO         3993    .text               c_w.l(_printf_pad.o)
    0x0800028e   0x0800028e   0x00000052   Code   RO         3995    .text               c_w.l(_printf_str.o)
    0x080002e0   0x080002e0   0x00000078   Code   RO         3997    .text               c_w.l(_printf_dec.o)
    0x08000358   0x08000358   0x0000010e   Code   RO         4007    .text               c_w.l(__printf_wp.o)
    0x08000466   0x08000466   0x00000020   Code   RO         4022    .text               c_w.l(strcspn.o)
    0x08000486   0x08000486   0x0000003e   Code   RO         4024    .text               c_w.l(strlen.o)
    0x080004c4   0x080004c4   0x00000096   Code   RO         4026    .text               c_w.l(strncmp.o)
    0x0800055a   0x0800055a   0x00000064   Code   RO         4028    .text               c_w.l(rt_memcpy_w.o)
    0x080005be   0x080005be   0x00000056   Code   RO         4030    .text               c_w.l(strncpy.o)
    0x08000614   0x08000614   0x00000006   Code   RO         4032    .text               c_w.l(heapauxi.o)
    0x0800061a   0x0800061a   0x000000b2   Code   RO         4055    .text               c_w.l(_printf_intcommon.o)
    0x080006cc   0x080006cc   0x00000030   Code   RO         4057    .text               c_w.l(_printf_char_common.o)
    0x080006fc   0x080006fc   0x0000000a   Code   RO         4059    .text               c_w.l(_sputc.o)
    0x08000706   0x08000706   0x0000002c   Code   RO         4061    .text               c_w.l(_printf_char.o)
    0x08000732   0x08000732   0x00000044   Code   RO         4064    .text               c_w.l(rt_memclr.o)
    0x08000776   0x08000776   0x0000004e   Code   RO         4088    .text               c_w.l(rt_memclr_w.o)
    0x080007c4   0x080007c4   0x0000004a   Code   RO         4090    .text               c_w.l(sys_stackheap_outer.o)
    0x0800080e   0x0800080e   0x00000012   Code   RO         4092    .text               c_w.l(exit.o)
    0x08000820   0x08000820   0x00000008   Code   RO         4100    .text               c_w.l(libspace.o)
    0x08000828   0x08000828   0x0000000c   Code   RO         4161    .text               c_w.l(sys_exit.o)
    0x08000834   0x08000834   0x00000002   Code   RO         4172    .text               c_w.l(use_no_semi.o)
    0x08000836   0x08000836   0x00000000   Code   RO         4174    .text               c_w.l(indicate_semi.o)
    0x08000836   0x08000836   0x00000002   PAD
    0x08000838   0x08000838   0x00000048   Code   RO          221    i.BurstWrite        spi.o
    0x08000880   0x08000880   0x00000004   Code   RO          331    i.BusFault_Handler  stm32f1xx_it.o
    0x08000884   0x08000884   0x00000044   Code   RO          623    i.CDC_Control_FS    usbd_cdc_if.o
    0x080008c8   0x080008c8   0x00000004   Code   RO          624    i.CDC_DeInit_FS     usbd_cdc_if.o
    0x080008cc   0x080008cc   0x00000024   Code   RO          625    i.CDC_Init_FS       usbd_cdc_if.o
    0x080008f0   0x080008f0   0x0000001c   Code   RO          626    i.CDC_Receive_FS    usbd_cdc_if.o
    0x0800090c   0x0800090c   0x00000038   Code   RO          627    i.CDC_Transmit_FS   usbd_cdc_if.o
    0x08000944   0x08000944   0x00000002   Code   RO          332    i.DebugMon_Handler  stm32f1xx_it.o
    0x08000946   0x08000946   0x00000004   Code   RO            4    i.Error_Handler     main.o
    0x0800094a   0x0800094a   0x0000001a   Code   RO         1008    i.HAL_Delay         stm32f1xx_hal.o
    0x08000964   0x08000964   0x0000031c   Code   RO         1566    i.HAL_GPIO_Init     stm32f1xx_hal_gpio.o
    0x08000c80   0x08000c80   0x00000010   Code   RO         1568    i.HAL_GPIO_ReadPin  stm32f1xx_hal_gpio.o
    0x08000c90   0x08000c90   0x0000000c   Code   RO         1570    i.HAL_GPIO_WritePin  stm32f1xx_hal_gpio.o
    0x08000c9c   0x08000c9c   0x0000000c   Code   RO         1012    i.HAL_GetTick       stm32f1xx_hal.o
    0x08000ca8   0x08000ca8   0x00000010   Code   RO         1013    i.HAL_IncTick       stm32f1xx_hal.o
    0x08000cb8   0x08000cb8   0x00000028   Code   RO         1014    i.HAL_Init          stm32f1xx_hal.o
    0x08000ce0   0x08000ce0   0x00000024   Code   RO         1015    i.HAL_InitTick      stm32f1xx_hal.o
    0x08000d04   0x08000d04   0x0000008c   Code   RO          279    i.HAL_MspInit       stm32f1xx_hal_msp.o
    0x08000d90   0x08000d90   0x0000001a   Code   RO         1141    i.HAL_NVIC_EnableIRQ  stm32f1xx_hal_cortex.o
    0x08000daa   0x08000daa   0x0000007c   Code   RO         1147    i.HAL_NVIC_SetPriority  stm32f1xx_hal_cortex.o
    0x08000e26   0x08000e26   0x00000002   PAD
    0x08000e28   0x08000e28   0x00000028   Code   RO         1148    i.HAL_NVIC_SetPriorityGrouping  stm32f1xx_hal_cortex.o
    0x08000e50   0x08000e50   0x0000003e   Code   RO         1892    i.HAL_PCDEx_PMAConfig  stm32f1xx_hal_pcd_ex.o
    0x08000e8e   0x08000e8e   0x00000002   Code   RO          678    i.HAL_PCDEx_SetConnectionState  usbd_conf.o
    0x08000e90   0x08000e90   0x0000001c   Code   RO          680    i.HAL_PCD_DataInStageCallback  usbd_conf.o
    0x08000eac   0x08000eac   0x0000001c   Code   RO          681    i.HAL_PCD_DataOutStageCallback  usbd_conf.o
    0x08000ec8   0x08000ec8   0x00000064   Code   RO         1682    i.HAL_PCD_EP_Close  stm32f1xx_hal_pcd.o
    0x08000f2c   0x08000f2c   0x00000062   Code   RO         1683    i.HAL_PCD_EP_ClrStall  stm32f1xx_hal_pcd.o
    0x08000f8e   0x08000f8e   0x00000014   Code   RO         1685    i.HAL_PCD_EP_GetRxCount  stm32f1xx_hal_pcd.o
    0x08000fa2   0x08000fa2   0x00000076   Code   RO         1686    i.HAL_PCD_EP_Open   stm32f1xx_hal_pcd.o
    0x08001018   0x08001018   0x0000006a   Code   RO         1687    i.HAL_PCD_EP_Receive  stm32f1xx_hal_pcd.o
    0x08001082   0x08001082   0x00000072   Code   RO         1688    i.HAL_PCD_EP_SetStall  stm32f1xx_hal_pcd.o
    0x080010f4   0x080010f4   0x0000006c   Code   RO         1689    i.HAL_PCD_EP_Transmit  stm32f1xx_hal_pcd.o
    0x08001160   0x08001160   0x00000164   Code   RO         1691    i.HAL_PCD_IRQHandler  stm32f1xx_hal_pcd.o
    0x080012c4   0x080012c4   0x0000011a   Code   RO         1694    i.HAL_PCD_Init      stm32f1xx_hal_pcd.o
    0x080013de   0x080013de   0x00000002   PAD
    0x080013e0   0x080013e0   0x00000054   Code   RO          686    i.HAL_PCD_MspInit   usbd_conf.o
    0x08001434   0x08001434   0x0000002a   Code   RO          687    i.HAL_PCD_ResetCallback  usbd_conf.o
    0x0800145e   0x0800145e   0x0000000e   Code   RO          688    i.HAL_PCD_ResumeCallback  usbd_conf.o
    0x0800146c   0x0800146c   0x0000000e   Code   RO          689    i.HAL_PCD_SOFCallback  usbd_conf.o
    0x0800147a   0x0800147a   0x00000036   Code   RO         1700    i.HAL_PCD_SetAddress  stm32f1xx_hal_pcd.o
    0x080014b0   0x080014b0   0x00000012   Code   RO          690    i.HAL_PCD_SetupStageCallback  usbd_conf.o
    0x080014c2   0x080014c2   0x0000003c   Code   RO         1702    i.HAL_PCD_Start     stm32f1xx_hal_pcd.o
    0x080014fe   0x080014fe   0x00000002   PAD
    0x08001500   0x08001500   0x00000024   Code   RO          691    i.HAL_PCD_SuspendCallback  usbd_conf.o
    0x08001524   0x08001524   0x0000017c   Code   RO         2163    i.HAL_RCCEx_PeriphCLKConfig  stm32f1xx_hal_rcc_ex.o
    0x080016a0   0x080016a0   0x00000298   Code   RO         2056    i.HAL_RCC_ClockConfig  stm32f1xx_hal_rcc.o
    0x08001938   0x08001938   0x0000000c   Code   RO         2061    i.HAL_RCC_GetHCLKFreq  stm32f1xx_hal_rcc.o
    0x08001944   0x08001944   0x000000b4   Code   RO         2065    i.HAL_RCC_GetSysClockFreq  stm32f1xx_hal_rcc.o
    0x080019f8   0x080019f8   0x00000878   Code   RO         2068    i.HAL_RCC_OscConfig  stm32f1xx_hal_rcc.o
    0x08002270   0x08002270   0x00000002   Code   RO         2205    i.HAL_SPI_ErrorCallback  stm32f1xx_hal_spi.o
    0x08002272   0x08002272   0x000000e4   Code   RO         2208    i.HAL_SPI_IRQHandler  stm32f1xx_hal_spi.o
    0x08002356   0x08002356   0x00000002   PAD
    0x08002358   0x08002358   0x0000008c   Code   RO         2450    i.HAL_SPI_Init      stm32f1xx_hal_spi_ex.o
    0x080023e4   0x080023e4   0x00000070   Code   RO          281    i.HAL_SPI_MspInit   stm32f1xx_hal_msp.o
    0x08002454   0x08002454   0x0000024c   Code   RO         2212    i.HAL_SPI_Receive   stm32f1xx_hal_spi.o
    0x080026a0   0x080026a0   0x000001c0   Code   RO         2217    i.HAL_SPI_Transmit  stm32f1xx_hal_spi.o
    0x08002860   0x08002860   0x00000344   Code   RO         2218    i.HAL_SPI_TransmitReceive  stm32f1xx_hal_spi.o
    0x08002ba4   0x08002ba4   0x00000028   Code   RO         1150    i.HAL_SYSTICK_CLKSourceConfig  stm32f1xx_hal_cortex.o
    0x08002bcc   0x08002bcc   0x00000002   Code   RO         1151    i.HAL_SYSTICK_Callback  stm32f1xx_hal_cortex.o
    0x08002bce   0x08002bce   0x00000034   Code   RO         1152    i.HAL_SYSTICK_Config  stm32f1xx_hal_cortex.o
    0x08002c02   0x08002c02   0x00000008   Code   RO         1153    i.HAL_SYSTICK_IRQHandler  stm32f1xx_hal_cortex.o
    0x08002c0a   0x08002c0a   0x00000002   Code   RO         3132    i.HAL_TIMEx_BreakCallback  stm32f1xx_hal_tim_ex.o
    0x08002c0c   0x08002c0c   0x00000002   Code   RO         3133    i.HAL_TIMEx_CommutationCallback  stm32f1xx_hal_tim_ex.o
    0x08002c0e   0x08002c0e   0x00000062   Code   RO         3149    i.HAL_TIMEx_MasterConfigSynchronization  stm32f1xx_hal_tim_ex.o
    0x08002c70   0x08002c70   0x00000034   Code   RO         2489    i.HAL_TIM_Base_Init  stm32f1xx_hal_tim.o
    0x08002ca4   0x08002ca4   0x00000040   Code   RO          283    i.HAL_TIM_Base_MspInit  stm32f1xx_hal_msp.o
    0x08002ce4   0x08002ce4   0x0000001e   Code   RO         2494    i.HAL_TIM_Base_Start_IT  stm32f1xx_hal_tim.o
    0x08002d02   0x08002d02   0x00000038   Code   RO         2497    i.HAL_TIM_Base_Stop_IT  stm32f1xx_hal_tim.o
    0x08002d3a   0x08002d3a   0x00000132   Code   RO         2498    i.HAL_TIM_ConfigClockSource  stm32f1xx_hal_tim.o
    0x08002e6c   0x08002e6c   0x00000002   Code   RO         2518    i.HAL_TIM_IC_CaptureCallback  stm32f1xx_hal_tim.o
    0x08002e6e   0x08002e6e   0x00000196   Code   RO         2531    i.HAL_TIM_IRQHandler  stm32f1xx_hal_tim.o
    0x08003004   0x08003004   0x00000002   Code   RO         2534    i.HAL_TIM_OC_DelayElapsedCallback  stm32f1xx_hal_tim.o
    0x08003006   0x08003006   0x00000002   Code   RO         2561    i.HAL_TIM_PWM_PulseFinishedCallback  stm32f1xx_hal_tim.o
    0x08003008   0x08003008   0x00000002   Code   RO         2568    i.HAL_TIM_PeriodElapsedCallback  stm32f1xx_hal_tim.o
    0x0800300a   0x0800300a   0x00000002   Code   RO         2572    i.HAL_TIM_TriggerCallback  stm32f1xx_hal_tim.o
    0x0800300c   0x0800300c   0x00000004   Code   RO          333    i.HardFault_Handler  stm32f1xx_it.o
    0x08003010   0x08003010   0x00000104   Code   RO            5    i.MX_GPIO_Init      main.o
    0x08003114   0x08003114   0x00000044   Code   RO            6    i.MX_SPI1_Init      main.o
    0x08003158   0x08003158   0x00000068   Code   RO            7    i.MX_TIM2_Init      main.o
    0x080031c0   0x080031c0   0x00000034   Code   RO          585    i.MX_USB_DEVICE_Init  usb_device.o
    0x080031f4   0x080031f4   0x00000004   Code   RO          334    i.MemManage_Handler  stm32f1xx_it.o
    0x080031f8   0x080031f8   0x00000002   Code   RO          335    i.NMI_Handler       stm32f1xx_it.o
    0x080031fa   0x080031fa   0x00000002   PAD
    0x080031fc   0x080031fc   0x00000010   Code   RO         1154    i.NVIC_GetPriorityGrouping  stm32f1xx_hal_cortex.o
    0x0800320c   0x0800320c   0x00000028   Code   RO         1155    i.NVIC_SetPriority  stm32f1xx_hal_cortex.o
    0x08003234   0x08003234   0x00000444   Code   RO         1705    i.PCD_EP_ISR_Handler  stm32f1xx_hal_pcd.o
    0x08003678   0x08003678   0x00000002   Code   RO          336    i.PendSV_Handler    stm32f1xx_it.o
    0x0800367a   0x0800367a   0x00000002   PAD
    0x0800367c   0x0800367c   0x00000010   Code   RO          337    i.SPI1_IRQHandler   stm32f1xx_it.o
    0x0800368c   0x0800368c   0x00000048   Code   RO          222    i.SPIBurstRead      spi.o
    0x080036d4   0x080036d4   0x00000024   Code   RO          223    i.SPICmd8bit        spi.o
    0x080036f8   0x080036f8   0x00000024   Code   RO          224    i.SPIRead           spi.o
    0x0800371c   0x0800371c   0x0000002c   Code   RO          225    i.SPIRead8bit       spi.o
    0x08003748   0x08003748   0x00000030   Code   RO          226    i.SPIWrite          spi.o
    0x08003778   0x08003778   0x00000006   Code   RO         2451    i.SPI_ISCRCErrorValid  stm32f1xx_hal_spi_ex.o
    0x0800377e   0x0800377e   0x00000114   Code   RO         2240    i.SPI_WaitOnFlagUntilTimeout  stm32f1xx_hal_spi.o
    0x08003892   0x08003892   0x00000002   Code   RO          338    i.SVC_Handler       stm32f1xx_it.o
    0x08003894   0x08003894   0x0000000c   Code   RO          339    i.SysTick_Handler   stm32f1xx_it.o
    0x080038a0   0x080038a0   0x00000090   Code   RO            8    i.SystemClock_Config  main.o
    0x08003930   0x08003930   0x00000058   Code   RO          545    i.SystemInit        system_stm32f1xx.o
    0x08003988   0x08003988   0x00000010   Code   RO          340    i.TIM2_IRQHandler   stm32f1xx_it.o
    0x08003998   0x08003998   0x0000006c   Code   RO         2573    i.TIM_Base_SetConfig  stm32f1xx_hal_tim.o
    0x08003a04   0x08003a04   0x00000018   Code   RO         2580    i.TIM_ETR_SetConfig  stm32f1xx_hal_tim.o
    0x08003a1c   0x08003a1c   0x00000014   Code   RO         2581    i.TIM_ITRx_SetConfig  stm32f1xx_hal_tim.o
    0x08003a30   0x08003a30   0x0000002a   Code   RO         2587    i.TIM_TI1_ConfigInputStage  stm32f1xx_hal_tim.o
    0x08003a5a   0x08003a5a   0x0000002c   Code   RO         2589    i.TIM_TI2_ConfigInputStage  stm32f1xx_hal_tim.o
    0x08003a86   0x08003a86   0x0000001a   Code   RO         3565    i.USBD_CDC_DataIn   usbd_cdc.o
    0x08003aa0   0x08003aa0   0x00000034   Code   RO         3566    i.USBD_CDC_DataOut  usbd_cdc.o
    0x08003ad4   0x08003ad4   0x00000040   Code   RO         3567    i.USBD_CDC_DeInit   usbd_cdc.o
    0x08003b14   0x08003b14   0x00000032   Code   RO         3568    i.USBD_CDC_EP0_RxReady  usbd_cdc.o
    0x08003b46   0x08003b46   0x00000002   PAD
    0x08003b48   0x08003b48   0x00000010   Code   RO         3569    i.USBD_CDC_GetDeviceQualifierDescriptor  usbd_cdc.o
    0x08003b58   0x08003b58   0x00000010   Code   RO         3570    i.USBD_CDC_GetFSCfgDesc  usbd_cdc.o
    0x08003b68   0x08003b68   0x00000010   Code   RO         3571    i.USBD_CDC_GetHSCfgDesc  usbd_cdc.o
    0x08003b78   0x08003b78   0x00000010   Code   RO         3572    i.USBD_CDC_GetOtherSpeedCfgDesc  usbd_cdc.o
    0x08003b88   0x08003b88   0x000000a6   Code   RO         3573    i.USBD_CDC_Init     usbd_cdc.o
    0x08003c2e   0x08003c2e   0x0000003a   Code   RO         3574    i.USBD_CDC_ReceivePacket  usbd_cdc.o
    0x08003c68   0x08003c68   0x0000000e   Code   RO         3575    i.USBD_CDC_RegisterInterface  usbd_cdc.o
    0x08003c76   0x08003c76   0x0000000e   Code   RO         3576    i.USBD_CDC_SetRxBuffer  usbd_cdc.o
    0x08003c84   0x08003c84   0x00000014   Code   RO         3577    i.USBD_CDC_SetTxBuffer  usbd_cdc.o
    0x08003c98   0x08003c98   0x00000090   Code   RO         3578    i.USBD_CDC_Setup    usbd_cdc.o
    0x08003d28   0x08003d28   0x00000038   Code   RO         3579    i.USBD_CDC_TransmitPacket  usbd_cdc.o
    0x08003d60   0x08003d60   0x00000016   Code   RO         3674    i.USBD_ClrClassConfig  usbd_core.o
    0x08003d76   0x08003d76   0x00000044   Code   RO         3816    i.USBD_ClrFeature   usbd_ctlreq.o
    0x08003dba   0x08003dba   0x00000018   Code   RO         3915    i.USBD_CtlContinueRx  usbd_ioreq.o
    0x08003dd2   0x08003dd2   0x00000018   Code   RO         3916    i.USBD_CtlContinueSendData  usbd_ioreq.o
    0x08003dea   0x08003dea   0x00000018   Code   RO         3817    i.USBD_CtlError     usbd_ctlreq.o
    0x08003e02   0x08003e02   0x00000028   Code   RO         3917    i.USBD_CtlPrepareRx  usbd_ioreq.o
    0x08003e2a   0x08003e2a   0x0000001a   Code   RO         3918    i.USBD_CtlReceiveStatus  usbd_ioreq.o
    0x08003e44   0x08003e44   0x00000022   Code   RO         3919    i.USBD_CtlSendData  usbd_ioreq.o
    0x08003e66   0x08003e66   0x0000001a   Code   RO         3920    i.USBD_CtlSendStatus  usbd_ioreq.o
    0x08003e80   0x08003e80   0x00000034   Code   RO          889    i.USBD_FS_ConfigStrDescriptor  usbd_desc.o
    0x08003eb4   0x08003eb4   0x00000010   Code   RO          890    i.USBD_FS_DeviceDescriptor  usbd_desc.o
    0x08003ec4   0x08003ec4   0x00000038   Code   RO          891    i.USBD_FS_InterfaceStrDescriptor  usbd_desc.o
    0x08003efc   0x08003efc   0x00000010   Code   RO          892    i.USBD_FS_LangIDStrDescriptor  usbd_desc.o
    0x08003f0c   0x08003f0c   0x0000002c   Code   RO          893    i.USBD_FS_ManufacturerStrDescriptor  usbd_desc.o
    0x08003f38   0x08003f38   0x00000040   Code   RO          894    i.USBD_FS_ProductStrDescriptor  usbd_desc.o
    0x08003f78   0x08003f78   0x00000038   Code   RO          895    i.USBD_FS_SerialStrDescriptor  usbd_desc.o
    0x08003fb0   0x08003fb0   0x00000050   Code   RO         3818    i.USBD_GetConfig    usbd_ctlreq.o
    0x08004000   0x08004000   0x00000148   Code   RO         3819    i.USBD_GetDescriptor  usbd_ctlreq.o
    0x08004148   0x08004148   0x00000014   Code   RO         3820    i.USBD_GetLen       usbd_ctlreq.o
    0x0800415c   0x0800415c   0x00000044   Code   RO         3821    i.USBD_GetStatus    usbd_ctlreq.o
    0x080041a0   0x080041a0   0x00000052   Code   RO         3822    i.USBD_GetString    usbd_ctlreq.o
    0x080041f2   0x080041f2   0x00000032   Code   RO         3676    i.USBD_Init         usbd_core.o
    0x08004224   0x08004224   0x00000044   Code   RO          692    i.USBD_LL_ClearStallEP  usbd_conf.o
    0x08004268   0x08004268   0x00000044   Code   RO          693    i.USBD_LL_CloseEP   usbd_conf.o
    0x080042ac   0x080042ac   0x000000da   Code   RO         3677    i.USBD_LL_DataInStage  usbd_core.o
    0x08004386   0x08004386   0x00000086   Code   RO         3678    i.USBD_LL_DataOutStage  usbd_core.o
    0x0800440c   0x0800440c   0x00000012   Code   RO          697    i.USBD_LL_GetRxDataSize  usbd_conf.o
    0x0800441e   0x0800441e   0x00000002   PAD
    0x08004420   0x08004420   0x00000088   Code   RO          698    i.USBD_LL_Init      usbd_conf.o
    0x080044a8   0x080044a8   0x00000030   Code   RO          699    i.USBD_LL_IsStallEP  usbd_conf.o
    0x080044d8   0x080044d8   0x00000062   Code   RO          700    i.USBD_LL_OpenEP    usbd_conf.o
    0x0800453a   0x0800453a   0x00000062   Code   RO          701    i.USBD_LL_PrepareReceive  usbd_conf.o
    0x0800459c   0x0800459c   0x00000044   Code   RO         3683    i.USBD_LL_Reset     usbd_core.o
    0x080045e0   0x080045e0   0x0000000e   Code   RO         3684    i.USBD_LL_Resume    usbd_core.o
    0x080045ee   0x080045ee   0x00000022   Code   RO         3685    i.USBD_LL_SOF       usbd_core.o
    0x08004610   0x08004610   0x00000008   Code   RO         3686    i.USBD_LL_SetSpeed  usbd_core.o
    0x08004618   0x08004618   0x00000044   Code   RO          702    i.USBD_LL_SetUSBAddress  usbd_conf.o
    0x0800465c   0x0800465c   0x0000006e   Code   RO         3687    i.USBD_LL_SetupStage  usbd_core.o
    0x080046ca   0x080046ca   0x00000044   Code   RO          703    i.USBD_LL_StallEP   usbd_conf.o
    0x0800470e   0x0800470e   0x0000003c   Code   RO          704    i.USBD_LL_Start     usbd_conf.o
    0x0800474a   0x0800474a   0x00000014   Code   RO         3688    i.USBD_LL_Suspend   usbd_core.o
    0x0800475e   0x0800475e   0x00000062   Code   RO          706    i.USBD_LL_Transmit  usbd_conf.o
    0x080047c0   0x080047c0   0x00000028   Code   RO         3823    i.USBD_ParseSetupRequest  usbd_ctlreq.o
    0x080047e8   0x080047e8   0x00000010   Code   RO         3689    i.USBD_RegisterClass  usbd_core.o
    0x080047f8   0x080047f8   0x00000006   Code   RO         3690    i.USBD_RunTestMode  usbd_core.o
    0x080047fe   0x080047fe   0x00000054   Code   RO         3824    i.USBD_SetAddress   usbd_ctlreq.o
    0x08004852   0x08004852   0x00000022   Code   RO         3691    i.USBD_SetClassConfig  usbd_core.o
    0x08004874   0x08004874   0x000000e0   Code   RO         3825    i.USBD_SetConfig    usbd_ctlreq.o
    0x08004954   0x08004954   0x00000024   Code   RO         3826    i.USBD_SetFeature   usbd_ctlreq.o
    0x08004978   0x08004978   0x0000000e   Code   RO         3692    i.USBD_Start        usbd_core.o
    0x08004986   0x08004986   0x00000072   Code   RO         3827    i.USBD_StdDevReq    usbd_ctlreq.o
    0x080049f8   0x080049f8   0x00000156   Code   RO         3828    i.USBD_StdEPReq     usbd_ctlreq.o
    0x08004b4e   0x08004b4e   0x0000004a   Code   RO         3829    i.USBD_StdItfReq    usbd_ctlreq.o
    0x08004b98   0x08004b98   0x00000002   Code   RO          707    i.USBD_static_free  usbd_conf.o
    0x08004b9a   0x08004b9a   0x00000002   PAD
    0x08004b9c   0x08004b9c   0x0000000c   Code   RO          708    i.USBD_static_malloc  usbd_conf.o
    0x08004ba8   0x08004ba8   0x000003aa   Code   RO         3369    i.USB_ActivateEndpoint  stm32f1xx_ll_usb.o
    0x08004f52   0x08004f52   0x00000008   Code   RO         3372    i.USB_CoreInit      stm32f1xx_ll_usb.o
    0x08004f5a   0x08004f5a   0x00000214   Code   RO         3374    i.USB_DeactivateEndpoint  stm32f1xx_ll_usb.o
    0x0800516e   0x0800516e   0x00000006   Code   RO         3375    i.USB_DevConnect    stm32f1xx_ll_usb.o
    0x08005174   0x08005174   0x00000006   Code   RO         3376    i.USB_DevDisconnect  stm32f1xx_ll_usb.o
    0x0800517a   0x0800517a   0x00000016   Code   RO         3377    i.USB_DevInit       stm32f1xx_ll_usb.o
    0x08005190   0x08005190   0x00000016   Code   RO         3378    i.USB_DisableGlobalInt  stm32f1xx_ll_usb.o
    0x080051a6   0x080051a6   0x00000006   Code   RO         3379    i.USB_EP0_OutStart  stm32f1xx_ll_usb.o
    0x080051ac   0x080051ac   0x000000b4   Code   RO         3380    i.USB_EPClearStall  stm32f1xx_ll_usb.o
    0x08005260   0x08005260   0x00000086   Code   RO         3381    i.USB_EPSetStall    stm32f1xx_ll_usb.o
    0x080052e6   0x080052e6   0x00000332   Code   RO         3382    i.USB_EPStartXfer   stm32f1xx_ll_usb.o
    0x08005618   0x08005618   0x00000016   Code   RO         3383    i.USB_EnableGlobalInt  stm32f1xx_ll_usb.o
    0x0800562e   0x0800562e   0x00000002   PAD
    0x08005630   0x08005630   0x00000010   Code   RO          341    i.USB_HP_CAN1_TX_IRQHandler  stm32f1xx_it.o
    0x08005640   0x08005640   0x00000010   Code   RO          342    i.USB_LP_CAN1_RX0_IRQHandler  stm32f1xx_it.o
    0x08005650   0x08005650   0x0000000a   Code   RO         3390    i.USB_ReadInterrupts  stm32f1xx_ll_usb.o
    0x0800565a   0x0800565a   0x00000028   Code   RO         3391    i.USB_ReadPMA       stm32f1xx_ll_usb.o
    0x08005682   0x08005682   0x00000006   Code   RO         3393    i.USB_SetCurrentMode  stm32f1xx_ll_usb.o
    0x08005688   0x08005688   0x0000000e   Code   RO         3394    i.USB_SetDevAddress  stm32f1xx_ll_usb.o
    0x08005696   0x08005696   0x00000042   Code   RO         3396    i.USB_WritePMA      stm32f1xx_ll_usb.o
    0x080056d8   0x080056d8   0x00000004   Code   RO          343    i.UsageFault_Handler  stm32f1xx_it.o
    0x080056dc   0x080056dc   0x0000000e   Code   RO         4009    i._is_digit         c_w.l(__printf_wp.o)
    0x080056ea   0x080056ea   0x00000020   Code   RO            9    i.main              main.o
    0x0800570a   0x0800570a   0x00000002   PAD
    0x0800570c   0x0800570c   0x00000608   Code   RO          173    i.mainApp           mainapp.o
    0x08005d14   0x08005d14   0x00000114   Code   RO          435    i.sx1276_7_8_Config  sx1276_7_8.o
    0x08005e28   0x08005e28   0x0000000c   Code   RO          436    i.sx1276_7_8_EntryLoRa  sx1276_7_8.o
    0x08005e34   0x08005e34   0x0000000c   Code   RO          437    i.sx1276_7_8_LoRaClearIrq  sx1276_7_8.o
    0x08005e40   0x08005e40   0x00000080   Code   RO          438    i.sx1276_7_8_LoRaEntryRx  sx1276_7_8.o
    0x08005ec0   0x08005ec0   0x0000006c   Code   RO          439    i.sx1276_7_8_LoRaEntryTx  sx1276_7_8.o
    0x08005f2c   0x08005f2c   0x00000084   Code   RO          440    i.sx1276_7_8_LoRaReadRSSI  sx1276_7_8.o
    0x08005fb0   0x08005fb0   0x00000070   Code   RO          441    i.sx1276_7_8_LoRaRxPacket  sx1276_7_8.o
    0x08006020   0x08006020   0x00000028   Code   RO          442    i.sx1276_7_8_LoRaTxPacket  sx1276_7_8.o
    0x08006048   0x08006048   0x0000000c   Code   RO          443    i.sx1276_7_8_Sleep  sx1276_7_8.o
    0x08006054   0x08006054   0x0000000c   Code   RO          444    i.sx1276_7_8_Standby  sx1276_7_8.o
    0x08006060   0x08006060   0x00000010   Code   RO          961    i.timer_measure_start  logging.o
    0x08006070   0x08006070   0x00000020   Code   RO          962    i.timer_measure_stop  logging.o
    0x08006090   0x08006090   0x00000150   Code   RO         4036    x$fpl$dadd          fz_ws.l(daddsub_clz.o)
    0x080061e0   0x080061e0   0x0000005e   Code   RO         4042    x$fpl$dfix          fz_ws.l(dfix.o)
    0x0800623e   0x0800623e   0x0000002e   Code   RO         4047    x$fpl$dflt          fz_ws.l(dflt_clz.o)
    0x0800626c   0x0800626c   0x00000154   Code   RO         4052    x$fpl$dmul          fz_ws.l(dmul.o)
    0x080063c0   0x080063c0   0x0000009c   Code   RO         4066    x$fpl$dnaninf       fz_ws.l(dnaninf.o)
    0x0800645c   0x0800645c   0x0000000c   Code   RO         4068    x$fpl$dretinf       fz_ws.l(dretinf.o)
    0x08006468   0x08006468   0x000001d4   Code   RO         4038    x$fpl$dsub          fz_ws.l(daddsub_clz.o)
    0x0800663c   0x0800663c   0x00000000   Code   RO         4070    x$fpl$usenofp       fz_ws.l(usenofp.o)
    0x0800663c   0x0800663c   0x00000018   Data   RO          446    .constdata          sx1276_7_8.o
    0x08006654   0x08006654   0x00000018   Data   RO          546    .constdata          system_stm32f1xx.o
    0x0800666c   0x0800666c   0x00000066   Data   RO          175    .conststring        mainapp.o
    0x080066d2   0x080066d2   0x00000002   PAD
    0x080066d4   0x080066d4   0x00000020   Data   RO         4227    Region$$Table       anon$$obj.o


    Execution Region RW_IRAM1 (Exec base: 0x20000000, Load base: 0x080066f4, Size: 0x00001440, Max: 0x00005000, ABSOLUTE, COMPRESSED[0x000000dc])

    Exec Addr    Load Addr    Size         Type   Attr      Idx    E Section Name        Object

    0x20000000   COMPRESSED   0x0000002c   Data   RW          176    .data               mainapp.o
    0x2000002c   COMPRESSED   0x00000042   Data   RW          447    .data               sx1276_7_8.o
    0x2000006e   COMPRESSED   0x00000002   PAD
    0x20000070   COMPRESSED   0x00000004   Data   RW          547    .data               system_stm32f1xx.o
    0x20000074   COMPRESSED   0x00000018   Data   RW          628    .data               usbd_cdc_if.o
    0x2000008c   COMPRESSED   0x00000034   Data   RW          897    .data               usbd_desc.o
    0x200000c0   COMPRESSED   0x00000004   Data   RW         1020    .data               stm32f1xx_hal.o
    0x200000c4   COMPRESSED   0x00000001   Data   RW         2452    .data               stm32f1xx_hal_spi_ex.o
    0x200000c5   COMPRESSED   0x00000003   PAD
    0x200000c8   COMPRESSED   0x00000110   Data   RW         3580    .data               usbd_cdc.o
    0x200001d8   COMPRESSED   0x00000001   Data   RW         3830    .data               usbd_ctlreq.o
    0x200001d9   COMPRESSED   0x00000003   PAD
    0x200001dc        -       0x00000094   Zero   RW           10    .bss                main.o
    0x20000270        -       0x00000089   Zero   RW          174    .bss                mainapp.o
    0x200002f9        -       0x00000080   Zero   RW          445    .bss                sx1276_7_8.o
    0x20000379   COMPRESSED   0x00000003   PAD
    0x2000037c        -       0x00000224   Zero   RW          586    .bss                usb_device.o
    0x200005a0        -       0x00000640   Zero   RW          709    .bss                usbd_conf.o
    0x20000be0        -       0x00000200   Zero   RW          896    .bss                usbd_desc.o
    0x20000de0        -       0x00000060   Zero   RW         4101    .bss                c_w.l(libspace.o)
    0x20000e40        -       0x00000200   Zero   RW         3977    HEAP                startup_stm32f103xb.o
    0x20001040        -       0x00000400   Zero   RW         3976    STACK               startup_stm32f103xb.o


==============================================================================

Image component sizes


      Code (inc. data)   RO Data    RW Data    ZI Data      Debug   Object Name

        48         12          0          0          0        927   logging.o
       612         36          0          0        148     468954   main.o
      1544        280        102         44        137       4364   mainapp.o
       308         42          0          0          0       3620   spi.o
        64         26        236          0       1536        792   startup_stm32f103xb.o
       130         16          0          4          0       3674   stm32f1xx_hal.o
       348         22          0          0          0      27821   stm32f1xx_hal_cortex.o
       824         32          0          0          0       3579   stm32f1xx_hal_gpio.o
       316         28          0          0          0       2183   stm32f1xx_hal_msp.o
      2508          0          0          0          0      10169   stm32f1xx_hal_pcd.o
        62          0          0          0          0       1294   stm32f1xx_hal_pcd_ex.o
      3024         84          0          0          0       4750   stm32f1xx_hal_rcc.o
       380         14          0          0          0       1452   stm32f1xx_hal_rcc_ex.o
      2378          0          0          0          0       6392   stm32f1xx_hal_spi.o
       146          6          0          1          0       2020   stm32f1xx_hal_spi_ex.o
      1098         14          0          0          0      10162   stm32f1xx_hal_tim.o
       102          0          0          0          0       2350   stm32f1xx_hal_tim_ex.o
       100         24          0          0          0       5563   stm32f1xx_it.o
      2830          0          0          0          0      13451   stm32f1xx_ll_usb.o
       844         68         24         66        128       8335   sx1276_7_8.o
        88         18         24          4          0       1247   system_stm32f1xx.o
        52         16          0          0        548        664   usb_device.o
       728         30          0        272          0      12746   usbd_cdc.o
       192         22          0         24          0       3432   usbd_cdc_if.o
      1108         30          0          0       1600      13905   usbd_conf.o
       748          0          0          0          0       9783   usbd_core.o
      1584         30          0          1          0      10424   usbd_ctlreq.o
       304        128          0         52        512       5255   usbd_desc.o
       174          0          0          0          0       4600   usbd_ioreq.o

    ----------------------------------------------------------------------
     22666        978        420        476       4612     643908   Object Totals
         0          0         32          0          0          0   (incl. Generated)
        22          0          2          8          3          0   (incl. Padding)

    ----------------------------------------------------------------------

      Code (inc. data)   RO Data    RW Data    ZI Data      Debug   Library Member Name

        90          0          0          0          0          0   __dczerorl2.o
         8          0          0          0          0         68   __main.o
       284          0          0          0          0        156   __printf_wp.o
         0          0          0          0          0          0   __rtentry.o
        12          0          0          0          0          0   __rtentry2.o
         6          0          0          0          0          0   __rtentry4.o
        52          8          0          0          0          0   __scatter.o
        28          0          0          0          0          0   __scatter_zi.o
        44          0          0          0          0        108   _printf_char.o
        48          6          0          0          0         96   _printf_char_common.o
         6          0          0          0          0          0   _printf_d.o
       120         16          0          0          0         92   _printf_dec.o
       178          0          0          0          0         88   _printf_intcommon.o
        78          0          0          0          0        108   _printf_pad.o
         0          0          0          0          0          0   _printf_percent.o
         4          0          0          0          0          0   _printf_percent_end.o
         6          0          0          0          0          0   _printf_s.o
        82          0          0          0          0         80   _printf_str.o
        10          0          0          0          0         68   _sputc.o
        18          0          0          0          0         80   exit.o
         6          0          0          0          0        152   heapauxi.o
         0          0          0          0          0          0   indicate_semi.o
         2          0          0          0          0          0   libinit.o
         2          0          0          0          0          0   libinit2.o
         2          0          0          0          0          0   libshutdown.o
         2          0          0          0          0          0   libshutdown2.o
         8          4          0          0         96         68   libspace.o
        40          6          0          0          0         84   noretval__2sprintf.o
        68          0          0          0          0         68   rt_memclr.o
        78          0          0          0          0         80   rt_memclr_w.o
       100          0          0          0          0         80   rt_memcpy_w.o
         2          0          0          0          0          0   rtexit.o
        10          0          0          0          0          0   rtexit2.o
        32          0          0          0          0         80   strcspn.o
        62          0          0          0          0         76   strlen.o
       150          0          0          0          0         80   strncmp.o
        86          0          0          0          0         76   strncpy.o
        12          4          0          0          0         68   sys_exit.o
        74          0          0          0          0         80   sys_stackheap_outer.o
         2          0          0          0          0         68   use_no_semi.o
       804         16          0          0          0        272   daddsub_clz.o
        94          4          0          0          0         92   dfix.o
        46          0          0          0          0         68   dflt_clz.o
       340         12          0          0          0        104   dmul.o
       156          4          0          0          0         92   dnaninf.o
        12          0          0          0          0         68   dretinf.o
         0          0          0          0          0          0   usenofp.o

    ----------------------------------------------------------------------
      3270         80          0          0         96       2700   Library Totals
         6          0          0          0          0          0   (incl. Padding)

    ----------------------------------------------------------------------

      Code (inc. data)   RO Data    RW Data    ZI Data      Debug   Library Name

      1812         44          0          0         96       2004   c_w.l
      1452         36          0          0          0        696   fz_ws.l

    ----------------------------------------------------------------------
      3270         80          0          0         96       2700   Library Totals

    ----------------------------------------------------------------------

==============================================================================


      Code (inc. data)   RO Data    RW Data    ZI Data      Debug   

     25936       1058        420        476       4708     634852   Grand Totals
     25936       1058        420        220       4708     634852   ELF Image Totals (compressed)
     25936       1058        420        220          0          0   ROM Totals

==============================================================================

    Total RO  Size (Code + RO Data)                26356 (  25.74kB)
    Total RW  Size (RW Data + ZI Data)              5184 (   5.06kB)
    Total ROM Size (Code + RO Data + RW Data)      26576 (  25.95kB)

==============================================================================

